 [mem 0x80000000-0xffffffff] usable ==> reserved
Feb  1 23:38:36 SC-1 kernel: [    0.000000] x2apic enabled by BIOS, switching to x2apic ops
Feb  1 23:38:36 SC-1 kernel: [    0.000000] e820: last_pfn = 0x7ee29 max_arch_pfn = 0x400000000
Feb  1 23:38:36 SC-1 kernel: [    0.000000] found SMP MP-table at [mem 0x000fd810-0x000fd81f] mapped at [ffff8800000fd810]
Feb  1 23:38:36 SC-1 kernel: [    0.000000] Scanning 1 areas for low memory corruption
Feb  1 23:38:36 SC-1 kernel: [    0.000000] Base memory trampoline at [ffff880000093000] 93000 size 24576
Feb  1 23:38:36 SC-1 kernel: [    0.000000] Using GB pages for direct mapping
Feb  1 23:38:36 SC-1 kernel: [    0.000000] init_memory_mapping: [mem 0x00000000-0x000fffff]
Feb  1 23:38:36 SC-1 kernel: [    0.000000]  [mem 0x00000000-0x000fffff] page 4k
Feb  1 23:38:36 SC-1 kernel: [    0.000000] BRK [0xc7f191000, 0xc7f191fff] PGTABLE
Feb  1 23:38:36 SC-1 kernel: [    0.000000] BRK [0xc7f192000, 0xc7f192fff] PGTABLE
Feb  1 23:38:36 SC-1 kernel: [    0.000000] BRK [0xc7f193000, 0xc7f193fff] PGTABLE
Feb  1 23:38:36 SC-1 kernel: [    0.000000] init_memory_mapping: [mem 0xc7fe00000-0xc7fffffff]
Feb  1 23:38:36 SC-1 kernel: [    0.000000]  [mem 0xc7fe00000-0xc7fffffff] page 1G
Feb  1 23:38:36 SC-1 kernel: [    0.000000] init_memory_mapping: [mem 0xc7c000000-0xc7fdfffff]
Feb  1 23:38:36 SC-1 kernel: [    0.000000]  [mem 0xc7c000000-0xc7fdfffff] page 1G
Feb  1 23:38:36 SC-1 kernel: [    0.000000] init_memory_mapping: [mem 0xc00000000-0xc7bffffff]
Feb  1 23:38:36 SC-1 kernel: [    0.000000]  [mem 0xc00000000-0xc7bffffff] page 1G
Feb  1 23:38:36 SC-1 kernel: [    0.000000] init_memory_mapping: [mem 0x00100000-0x7ee28fff]
Feb  1 23:38:36 SC-1 kernel: [    0.000000]  [mem 0x00100000-0x001fffff] page 4k
Feb  1 23:38:36 SC-1 kernel: [    0.000000]  [mem 0x00200000-0x7edfffff] page 2M
Feb  1 23:38:36 SC-1 kernel: [    0.000000]  [mem 0x7ee00000-0x7ee28fff] page 4k
Feb  1 23:38:36 SC-1 kernel: [    0.000000] BRK [0xc7f194000, 0xc7f194fff] PGTABLE
Feb  1 23:38:36 SC-1 kernel: [    0.000000] BRK [0xc7f195000, 0xc7f195fff] PGTABLE
Feb  1 23:38:36 SC-1 kernel: [    0.000000] init_memory_mapping: [mem 0x100000000-0xbffffffff]
Feb  1 23:38:36 SC-1 kernel: [    0.000000]  [mem 0x100000000-0xbffffffff] page 1G
Feb  1 23:38:36 SC-1 kernel: [    0.000000] NMI ring buffer size: 262144 bytes
Feb  1 23:38:36 SC-1 kernel: [    0.000000] RAMDISK: [mem 0xc77357000-0xc7dffefff]
Feb  1 23:38:36 SC-1 kernel: [    0.000000] ACPI: RSDP 0x00000000000F04A0 00024 (v02 ALASKA)
Feb  1 23:38:36 SC-1 kernel: [    0.000000] ACPI: XSDT 0x000000007EE9C080 00084 (v01 ALASKA A M I    01072009 AMI  00010013)
Feb  1 23:38:36 SC-1 kernel: [    0.000000] ACPI: FACP 0x000000007EEA43C0 0010C (v05 ALASKA A M I    01072009 AMI  00010013)
Feb  1 23:38:36 SC-1 kernel: [    0.000000] ACPI: DSDT 0x000000007EE9C198 08228 (v02 ALASKA A M I    00000000 INTL 20051117)
Feb  1 23:38:36 SC-1 kernel: [    0.000000] ACPI: FACS 0x000000007F08A080 00040
Feb  1 23:38:36 SC-1 kernel: [    0.000000] ACPI: APIC 0x000000007EEA44D0 00170 (v03 ALASKA A M I    01072009 AMI  00010013)
Feb  1 23:38:36 SC-1 kernel: [    0.000000] ACPI: FPDT 0x000000007EEA4640 00044 (v01 ALASKA A M I    01072009 AMI  00010013)
Feb  1 23:38:36 SC-1 kernel: [    0.000000] ACPI: MCFG 0x000000007EEA4688 0003C (v01 ALASKA OEMMCFG. 01072009 MSFT 00000097)
Feb  1 23:38:36 SC-1 kernel: [    0.000000] ACPI: HPET 0x000000007EEA46C8 00038 (v01 ALASKA A M I    01072009 AMI. 00000005)
Feb  1 23:38:36 SC-1 kernel: [    0.000000] ACPI: SSDT 0x000000007EEA4700 CD380 (v02 INTEL  CpuPm    00004000 INTL 20051117)
Feb  1 23:38:36 SC-1 kernel: [    0.000000] ACPI: SPCR 0x000000007EF71A80 00050 (v01 A M I  APTIO4   01072009 AMI. 00000005)
Feb  1 23:38:36 SC-1 kernel: [    0.000000] ACPI: EINJ 0x000000007EF71AD0 00130 (v01 AMI    AMI EINJ 00000000      00000000)
Feb  1 23:38:36 SC-1 kernel: [    0.000000] ACPI: ERST 0x000000007EF71C00 00230 (v01 AMIER  AMI ERST 00000000      00000000)
Feb  1 23:38:36 SC-1 kernel: [    0.000000] ACPI: HEST 0x000000007EF71E30 000A8 (v01 AMI    AMI HEST 00000000      00000000)
Feb  1 23:38:36 SC-1 kernel: [    0.000000] ACPI: BERT 0x000000007EF71ED8 00030 (v01 AMI    AMI BERT 00000000      00000000)
Feb  1 23:38:36 SC-1 kernel: [    0.000000] ACPI: DMAR 0x000000007EF71F08 000B4 (v01 A M I  OEMDMAR  00000001 INTL 00000001)
Feb  1 23:38:36 SC-1 kernel: [    0.000000] ACPI: Local APIC address 0xfee00000
Feb  1 23:38:36 SC-1 kernel: [    0.000000] Setting APIC routing to cluster x2apic.
Feb  1 23:38:36 SC-1 kernel: [    0.000000] No NUMA configuration found
Feb  1 23:38:36 SC-1 kernel: [    0.000000] Faking a node at [mem 0x0000000000000000-0x0000000c7fffffff]
Feb  1 23:38:36 SC-1 kernel: [    0.000000] Initmem setup node 0 [mem 0x00000000-0xc7fffffff]
Feb  1 23:38:36 SC-1 kernel: [    0.000000]   NODE_DATA [mem 0xc7ff9a000-0xc7ffbffff]
Feb  1 23:38:36 SC-1 kernel: [    0.000000]  [ffffea0000000000-ffffea002bbfffff] PMD -> [ffff880c47200000-ffff880c711fffff] on node 0
Feb  1 23:38:36 SC-1 kernel: [    0.000000] Zone ranges:
Feb  1 23:38:36 SC-1 kernel: [    0.000000]   DMA      [mem 0x00001000-0x00ffffff]
Feb  1 23:38:36 SC-1 kernel: [    0.000000]   DMA32    [mem 0x01000000-0xffffffff]
Feb  1 23:38:36 SC-1 kernel: [    0.000000]   Normal   [mem 0x100000000-0xc7fffffff]
Feb  1 23:38:36 SC-1 kernel: [    0.000000] Movable zone start for each node
Feb  1 23:38:36 SC-1 kernel: [    0.000000] Early memory node ranges
Feb  1 23:38:36 SC-1 kernel: [    0.000000]   node   0: [mem 0x00001000-0x00098fff]
Feb  1 23:38:36 SC-1 kernel: [    0.000000]   node   0: [mem 0x00100000-0x7ee28fff]
Feb  1 23:38:36 SC-1 kernel: [    0.000000]   node   0: [mem 0x100000000-0xc7fffffff]
Feb  1 23:38:36 SC-1 kernel: [    0.000000] On node 0 totalpages: 12578241
Feb  1 23:38:36 SC-1 kernel: [    0.000000]   DMA zone: 56 pages used for memmap
Feb  1 23:38:36 SC-1 kernel: [    0.000000]   DMA zone: 21 pages reserved
Feb  1 23:38:36 SC-1 kernel: [    0.000000]   DMA zone: 3992 pages, LIFO batch:0
Feb  1 23:38:36 SC-1 kernel: [    0.000000]   DMA32 zone: 7050 pages used for memmap
Feb  1 23:38:36 SC-1 kernel: [    0.000000]   DMA32 zone: 515625 pages, LIFO batch:31
Feb  1 23:38:36 SC-1 kernel: [    0.000000]   Normal zone: 164864 pages used for memmap
Feb  1 23:38:36 SC-1 kernel: [    0.000000]   Normal zone: 12058624 pages, LIFO batch:31
Feb  1 23:38:36 SC-1 kernel: [    0.000000] ACPI: PM-Timer IO Port: 0x408
Feb  1 23:38:36 SC-1 kernel: [    0.000000] ACPI: Local APIC address 0xfee00000
Feb  1 23:38:36 SC-1 kernel: [    0.000000] ACPI: LAPIC (acpi_id[0x00] lapic_id[0x00] enabled)
Feb  1 23:38:36 SC-1 kernel: [    0.000000] ACPI: LAPIC (acpi_id[0x02] lapic_id[0x02] enabled)
Feb  1 23:38:36 SC-1 kernel: [    0.000000] ACPI: LAPIC (acpi_id[0x04] lapic_id[0x04] enabled)
Feb  1 23:38:36 SC-1 kernel: [    0.000000] ACPI: LAPIC (acpi_id[0x06] lapic_id[0x06] enabled)
Feb  1 23:38:36 SC-1 kernel: [    0.000000] ACPI: LAPIC (acpi_id[0x08] lapic_id[0x08] enabled)
Feb  1 23:38:36 SC-1 kernel: [    0.000000] ACPI: LAPIC (acpi_id[0x0a] lapic_id[0x10] enabled)
Feb  1 23:38:36 SC-1 kernel: [    0.000000] ACPI: LAPIC (acpi_id[0x0c] lapic_id[0x12] enabled)
Feb  1 23:38:36 SC-1 kernel: [    0.000000] ACPI: LAPIC (acpi_id[0x0e] lapic_id[0x14] enabled)
Feb  1 23:38:36 SC-1 kernel: [    0.000000] ACPI: LAPIC (acpi_id[0x10] lapic_id[0x16] enabled)
Feb  1 23:38:36 SC-1 kernel: [    0.000000] ACPI: LAPIC (acpi_id[0x12] lapic_id[0x18] enabled)
Feb  1 23:38:36 SC-1 kernel: [    0.000000] ACPI: LAPIC (acpi_id[0x01] lapic_id[0x01] enabled)
Feb  1 23:38:36 SC-1 kernel: [    0.000000] ACPI: LAPIC (acpi_id[0x03] lapic_id[0x03] enabled)
Feb  1 23:38:36 SC-1 kernel: [    0.000000] ACPI: LAPIC (acpi_id[0x05] lapic_id[0x05] enabled)
Feb  1 23:38:36 SC-1 kernel: [    0.000000] ACPI: LAPIC (acpi_id[0x07] lapic_id[0x07] enabled)
Feb  1 23:38:36 SC-1 kernel: [    0.000000] ACPI: LAPIC (acpi_id[0x09] lapic_id[0x09] enabled)
Feb  1 23:38:36 SC-1 kernel: [    0.000000] ACPI: LAPIC (acpi_id[0x0b] lapic_id[0x11] enabled)
Feb  1 23:38:36 SC-1 kernel: [    0.000000] ACPI: LAPIC (acpi_id[0x0d] lapic_id[0x13] enabled)
Feb  1 23:38:36 SC-1 kernel: [    0.000000] ACPI: LAPIC (acpi_id[0x0f] lapic_id[0x15] enabled)
Feb  1 23:38:36 SC-1 kernel: [    0.000000] ACPI: LAPIC (acpi_id[0x11] lapic_id[0x17] enabled)
Feb  1 23:38:36 SC-1 kernel: [    0.000000] ACPI: LAPIC (acpi_id[0x13] lapic_id[0x19] enabled)
Feb  1 23:38:36 SC-1 kernel: [    0.000000] ACPI: LAPIC_NMI (acpi_id[0x00] high edge lint[0x1])
Feb  1 23:38:36 SC-1 kernel: [    0.000000] ACPI: LAPIC_NMI (acpi_id[0x02] high edge lint[0x1])
Feb  1 23:38:36 SC-1 kernel: [    0.000000] ACPI: LAPIC_NMI (acpi_id[0x04] high edge lint[0x1])
Feb  1 23:38:36 SC-1 kernel: [    0.000000] ACPI: LAPIC_NMI (acpi_id[0x06] high edge lint[0x1])
Feb  1 23:38:36 SC-1 kernel: [    0.000000] ACPI: LAPIC_NMI (acpi_id[0x08] high edge lint[0x1])
Feb  1 23:38:36 SC-1 kernel: [    0.000000] ACPI: LAPIC_NMI (acpi_id[0x0a] high edge lint[0x1])
Feb  1 23:38:36 SC-1 kernel: [    0.000000] ACPI: LAPIC_NMI (acpi_id[0x0c] high edge lint[0x1])
Feb  1 23:38:36 SC-1 kernel: [    0.000000] ACPI: LAPIC_NMI (acpi_id[0x0e] high edge lint[0x1])
Feb  1 23:38:36 SC-1 kernel: [    0.000000] ACPI: LAPIC_NMI (acpi_id[0x10] high edge lint[0x1])
Feb  1 23:38:36 SC-1 kernel: [    0.000000] ACPI: LAPIC_NMI (acpi_id[0x12] high edge lint[0x1])
Feb  1 23:38:36 SC-1 kernel: [    0.000000] ACPI: LAPIC_NMI (acpi_id[0x01] high edge lint[0x1])
Feb  1 23:38:36 SC-1 kernel: [    0.000000] ACPI: LAPIC_NMI (acpi_id[0x03] high edge lint[0x1])
Feb  1 23:38:36 SC-1 kernel: [    0.000000] ACPI: LAPIC_NMI (acpi_id[0x05] high edge lint[0x1])
Feb  1 23:38:36 SC-1 kernel: [    0.000000] ACPI: LAPIC_NMI (acpi_id[0x07] high edge lint[0x1])
Feb  1 23:38:36 SC-1 kernel: [    0.000000] ACPI: LAPIC_NMI (acpi_id[0x09] high edge lint[0x1])
Feb  1 23:38:36 SC-1 kernel: [    0.000000] ACPI: LAPIC_NMI (acpi_id[0x0b] high edge lint[0x1])
Feb  1 23:38:36 SC-1 kernel: [    0.000000] ACPI: LAPIC_NMI (acpi_id[0x0d] high edge lint[0x1])
Feb  1 23:38:36 SC-1 kernel: [    0.000000] ACPI: LAPIC_NMI (acpi_id[0x0f] high edge lint[0x1])
Feb  1 23:38:36 SC-1 kernel: [    0.000000] ACPI: LAPIC_NMI (acpi_id[0x11] high edge lint[0x1])
Feb  1 23:38:36 SC-1 kernel: [    0.000000] ACPI: LAPIC_NMI (acpi_id[0x13] high edge lint[0x1])
Feb  1 23:38:36 SC-1 kernel: [    0.000000] ACPI: IOAPIC (id[0x00] address[0xfec00000] gsi_base[0])
Feb  1 23:38:36 SC-1 kernel: [    0.000000] IOAPIC[0]: apic_id 0, version 32, address 0xfec00000, GSI 0-23
Feb  1 23:38:36 SC-1 kernel: [    0.000000] ACPI: IOAPIC (id[0x02] address[0xfec01000] gsi_base[24])
Feb  1 23:38:36 SC-1 kernel: [    0.000000] IOAPIC[1]: apic_id 2, version 32, address 0xfec01000, GSI 24-47
Feb  1 23:38:36 SC-1 kernel: [    0.000000] ACPI: INT_SRC_OVR (bus 0 bus_irq 0 global_irq 2 dfl dfl)
Feb  1 23:38:36 SC-1 kernel: [    0.000000] ACPI: INT_SRC_OVR (bus 0 bus_irq 9 global_irq 9 high level)
Feb  1 23:38:36 SC-1 kernel: [    0.000000] ACPI: IRQ0 used by override.
Feb  1 23:38:36 SC-1 kernel: [    0.000000] ACPI: IRQ2 used by override.
Feb  1 23:38:36 SC-1 kernel: [    0.000000] ACPI: IRQ9 used by override.
Feb  1 23:38:36 SC-1 kernel: [    0.000000] Using ACPI (MADT) for SMP configuration information
Feb  1 23:38:36 SC-1 kernel: [    0.000000] ACPI: HPET id: 0x8086a701 base: 0xfed00000
Feb  1 23:38:36 SC-1 kernel: [    0.000000] smpboot: Allowing 20 CPUs, 0 hotplug CPUs
Feb  1 23:38:36 SC-1 kernel: [    0.000000] nr_irqs_gsi: 64
Feb  1 23:38:36 SC-1 kernel: [    0.000000] PM: Registered nosave memory: [mem 0x00099000-0x00099fff]
Feb  1 23:38:36 SC-1 kernel: [    0.000000] PM: Registered nosave memory: [mem 0x0009a000-0x0009ffff]
Feb  1 23:38:36 SC-1 kernel: [    0.000000] PM: Registered nosave memory: [mem 0x000a0000-0x000dffff]
Feb  1 23:38:36 SC-1 kernel: [    0.000000] PM: Registered nosave memory: [mem 0x000e0000-0x000fffff]
Feb  1 23:38:36 SC-1 kernel: [    0.000000] PM: Registered nosave memory: [mem 0x7ee29000-0x7ee66fff]
Feb  1 23:38:36 SC-1 kernel: [    0.000000] PM: Registered nosave memory: [mem 0x7ee67000-0x7ef72fff]
Feb  1 23:38:36 SC-1 kernel: [    0.000000] PM: Registered nosave memory: [mem 0x7ef73000-0x7f092fff]
Feb  1 23:38:36 SC-1 kernel: [    0.000000] PM: Registered nosave memory: [mem 0x7f093000-0x7f23cfff]
Feb  1 23:38:36 SC-1 kernel: [    0.000000] PM: Registered nosave memory: [mem 0x7f23d000-0x7f7fffff]
Feb  1 23:38:36 SC-1 kernel: [    0.000000] PM: Registered nosave memory: [mem 0x7f800000-0x7fffffff]
Feb  1 23:38:36 SC-1 kernel: [    0.000000] PM: Registered nosave memory: [mem 0x80000000-0x8fffffff]
Feb  1 23:38:36 SC-1 kernel: [    0.000000] PM: Registered nosave memory: [mem 0x90000000-0xfed1bfff]
Feb  1 23:38:36 SC-1 kernel: [    0.000000] PM: Registered nosave memory: [mem 0xfed1c000-0xfed1ffff]
Feb  1 23:38:36 SC-1 kernel: [    0.000000] PM: Registered nosave memory: [mem 0xfed20000-0xfed44fff]
Feb  1 23:38:36 SC-1 kernel: [    0.000000] PM: Registered nosave memory: [mem 0xfed45000-0xfed8ffff]
Feb  1 23:38:36 SC-1 kernel: [    0.000000] PM: Registered nosave memory: [mem 0xfed90000-0xfeffffff]
Feb  1 23:38:36 SC-1 kernel: [    0.000000] PM: Registered nosave memory: [mem 0xff000000-0xffffffff]
Feb  1 23:38:36 SC-1 kernel: [    0.000000] e820: [mem 0x90000000-0xfed1bfff] available for PCI devices
Feb  1 23:38:36 SC-1 kernel: [    0.000000] Booting paravirtualized kernel on bare hardware
Feb  1 23:38:36 SC-1 kernel: [    0.000000] setup_percpu: NR_CPUS:8192 nr_cpumask_bits:20 nr_cpu_ids:20 nr_node_ids:1
Feb  1 23:38:36 SC-1 kernel: [    0.000000] PERCPU: Embedded 26 pages/cpu @ffff880c76c00000 s76928 r8192 d21376 u262144
Feb  1 23:38:36 SC-1 kernel: [    0.000000] pcpu-alloc: s76928 r8192 d21376 u262144 alloc=1*2097152
Feb  1 23:38:36 SC-1 kernel: [    0.000000] pcpu-alloc: [0] 00 01 02 03 04 05 06 07 [0] 08 09 10 11 12 13 14 15 
Feb  1 23:38:36 SC-1 kernel: [    0.000000] pcpu-alloc: [0] 16 17 18 19 -- -- -- -- 
Feb  1 23:38:36 SC-1 kernel: [    0.000000] Built 1 zonelists in Node order, mobility grouping on.  Total pages: 12406250
Feb  1 23:38:36 SC-1 kernel: [    0.000000] Policy zone: Normal
Feb  1 23:38:36 SC-1 kernel: [    0.000000] Kernel command line: panic=10 console=tty0 console=ttyS0,115200 rootfstype=ramfs cluster=(type=control,disk_cache=0,clean_rootfs=0)
Feb  1 23:38:36 SC-1 kernel: [    0.000000] PID hash table entries: 4096 (order: 3, 32768 bytes)
Feb  1 23:38:36 SC-1 kernel: [    0.000000] xsave: enabled xstate_bv 0x7, cntxt size 0x340
Feb  1 23:38:36 SC-1 kernel: [    0.000000] Checking aperture...
Feb  1 23:38:36 SC-1 kernel: [    0.000000] No AGP bridge found
Feb  1 23:38:36 SC-1 kernel: [    0.000000] Memory: 49426660K/50312964K available (5265K kernel code, 1247K rwdata, 4116K rodata, 1932K init, 2488K bss, 886304K reserved)
Feb  1 23:38:36 SC-1 kernel: [    0.000000] Hierarchical RCU implementation.
Feb  1 23:38:36 SC-1 kernel: [    0.000000] 	RCU restricting CPUs from NR_CPUS=8192 to nr_cpu_ids=20.
Feb  1 23:38:36 SC-1 kernel: [    0.000000] NR_IRQS:524544 nr_irqs:1248 16
Feb  1 23:38:36 SC-1 kernel: [    0.000000] Console: colour dummy device 80x25
Feb  1 23:38:36 SC-1 kernel: [    0.000000] console [tty0] enabled
Feb  1 23:38:36 SC-1 kernel: [    0.000000] console [ttyS0] enabled
Feb  1 23:38:36 SC-1 kernel: [    0.000000] allocated 201326592 bytes of page_cgroup
Feb  1 23:38:36 SC-1 kernel: [    0.000000] please try 'cgroup_disable=memory' option if you don't want memory cgroups
Feb  1 23:38:36 SC-1 kernel: [    0.000000] hpet clockevent registered
Feb  1 23:38:36 SC-1 kernel: [    0.000000] tsc: Fast TSC calibration using PIT
Feb  1 23:38:36 SC-1 kernel: [    0.000000] tsc: Detected 2399.807 MHz processor
Feb  1 23:38:36 SC-1 kernel: [    0.000003] Calibrating delay loop (skipped), value calculated using timer frequency.. 4799.61 BogoMIPS (lpj=9599228)
Feb  1 23:38:36 SC-1 kernel: [    0.010597] pid_max: default: 32768 minimum: 301
Feb  1 23:38:36 SC-1 kernel: [    0.015224] Security Framework initialized
Feb  1 23:38:36 SC-1 kernel: [    0.019318] AppArmor: AppArmor initialized
Feb  1 23:38:36 SC-1 kernel: [    0.027426] Dentry cache hash table entries: 8388608 (order: 14, 67108864 bytes)
Feb  1 23:38:36 SC-1 kernel: [    0.051043] Inode-cache hash table entries: 4194304 (order: 13, 33554432 bytes)
Feb  1 23:38:36 SC-1 kernel: [    0.065458] Mount-cache hash table entries: 256
Feb  1 23:38:36 SC-1 kernel: [    0.070155] Initializing cgroup subsys memory
Feb  1 23:38:36 SC-1 kernel: [    0.074502] Initializing cgroup subsys devices
Feb  1 23:38:36 SC-1 kernel: [    0.078932] Initializing cgroup subsys freezer
Feb  1 23:38:36 SC-1 kernel: [    0.083363] Initializing cgroup subsys blkio
Feb  1 23:38:36 SC-1 kernel: [    0.087619] Initializing cgroup subsys perf_event
Feb  1 23:38:36 SC-1 kernel: [    0.092310] Initializing cgroup subsys hugetlb
Feb  1 23:38:36 SC-1 kernel: [    0.096764] CPU: Physical Processor ID: 0
Feb  1 23:38:36 SC-1 kernel: [    0.100758] CPU: Processor Core ID: 0
Feb  1 23:38:36 SC-1 kernel: [    0.105315] mce: CPU supports 27 MCE banks
Feb  1 23:38:36 SC-1 kernel: [    0.109435] CPU0: Thermal LVT vector (0xfa) already installed
Feb  1 23:38:36 SC-1 kernel: [    0.109451] process: using mwait in idle threads
Feb  1 23:38:36 SC-1 kernel: [    0.114057] Last level iTLB entries: 4KB 512, 2MB 8, 4MB 8
Feb  1 23:38:36 SC-1 kernel: [    0.114057] Last level dTLB entries: 4KB 512, 2MB 32, 4MB 32, 1GB 0
Feb  1 23:38:36 SC-1 kernel: [    0.126914] Freeing SMP alternatives memory: 20K (ffffffff81f1c000 - ffffffff81f21000)
Feb  1 23:38:36 SC-1 kernel: [    0.135574] ACPI: Core revision 20130725
Feb  1 23:38:36 SC-1 kernel: [    0.187182] ACPI: All (2) ACPI AML tables successfully loaded
Feb  1 23:38:36 SC-1 kernel: [    0.192928] ftrace: allocating 21359 entries in 84 pages
Feb  1 23:38:36 SC-1 kernel: [    0.207885] dmar: Host address width 46
Feb  1 23:38:36 SC-1 kernel: [    0.211710] dmar: DRHD base: 0x000000fbffc000 flags: 0x1
Feb  1 23:38:36 SC-1 kernel: [    0.217014] dmar: IOMMU 0: reg_base_addr fbffc000 ver 1:0 cap d2078c106f0466 ecap f020de
Feb  1 23:38:36 SC-1 kernel: [    0.225088] dmar: RMRR base: 0x0000007ee3d000 end: 0x0000007ee49fff
Feb  1 23:38:36 SC-1 kernel: [    0.231341] dmar: ATSR flags: 0x0
Feb  1 23:38:36 SC-1 kernel: [    0.234644] dmar: RHSA base: 0x000000fbffc000 proximity domain: 0x0
Feb  1 23:38:36 SC-1 kernel: [    0.240983] IOAPIC id 0 under DRHD base  0xfbffc000 IOMMU 0
Feb  1 23:38:36 SC-1 kernel: [    0.246539] IOAPIC id 2 under DRHD base  0xfbffc000 IOMMU 0
Feb  1 23:38:36 SC-1 kernel: [    0.252095] HPET id 0 under DRHD base 0xfbffc000
Feb  1 23:38:36 SC-1 kernel: [    0.256696] Queued invalidation will be enabled to support x2apic and Intr-remapping.
Feb  1 23:38:36 SC-1 kernel: [    0.264607] Enabled IRQ remapping in x2apic mode
Feb  1 23:38:36 SC-1 kernel: [    0.269721] ..TIMER: vector=0x30 apic1=0 pin1=2 apic2=-1 pin2=-1
Feb  1 23:38:36 SC-1 kernel: [    0.315431] smpboot: CPU0: Intel(R) Xeon(R) CPU E5-2658 v2 @ 2.40GHz (fam: 06, model: 3e, stepping: 04)
Feb  1 23:38:36 SC-1 kernel: [    0.324823] TSC deadline timer enabled
Feb  1 23:38:36 SC-1 kernel: [    0.324831] Performance Events: PEBS fmt1+, 16-deep LBR, perf_event_intel: IvyBridge events, perf_event_intel: full-width counters, Intel PMU driver.
Feb  1 23:38:36 SC-1 kernel: [    0.338243] ... version:                3
Feb  1 23:38:36 SC-1 kernel: [    0.342237] ... bit width:              48
Feb  1 23:38:36 SC-1 kernel: [    0.346321] ... generic registers:      4
Feb  1 23:38:36 SC-1 kernel: [    0.350315] ... value mask:             0000ffffffffffff
Feb  1 23:38:36 SC-1 kernel: [    0.355612] ... max period:             0000ffffffffffff
Feb  1 23:38:36 SC-1 kernel: [    0.360910] ... fixed-purpose events:   3
Feb  1 23:38:36 SC-1 kernel: [    0.364904] ... event mask:             000000070000000f
Feb  1 23:38:36 SC-1 kernel: [    0.371405] smpboot: Booting Node   0, Processors smpboot:  #   1
Feb  1 23:38:36 SC-1 kernel: [    0.390713] CPU1: Thermal LVT vector (0xfa) already installed
Feb  1 23:38:36 SC-1 kernel: [    0.393082] smpboot:  #   2
Feb  1 23:38:36 SC-1 kernel: [    0.407605] CPU2: Thermal LVT vector (0xfa) already installed
Feb  1 23:38:36 SC-1 kernel: [    0.409961] smpboot:  #   3
Feb  1 23:38:36 SC-1 kernel: [    0.424486] CPU3: Thermal LVT vector (0xfa) already installed
Feb  1 23:38:36 SC-1 kernel: [    0.426937] smpboot:  #   4
Feb  1 23:38:36 SC-1 kernel: [    0.441470] CPU4: Thermal LVT vector (0xfa) already installed
Feb  1 23:38:36 SC-1 kernel: [    0.443908] smpboot:  #   5
Feb  1 23:38:36 SC-1 kernel: [    0.458430] CPU5: Thermal LVT vector (0xfa) already installed
Feb  1 23:38:36 SC-1 kernel: [    0.460788] smpboot:  #   6
Feb  1 23:38:36 SC-1 kernel: [    0.475291] CPU6: Thermal LVT vector (0xfa) already installed
Feb  1 23:38:36 SC-1 kernel: [    0.477663] smpboot:  #   7
Feb  1 23:38:36 SC-1 kernel: [    0.492168] CPU7: Thermal LVT vector (0xfa) already installed
Feb  1 23:38:36 SC-1 kernel: [    0.494538] smpboot:  #   8
Feb  1 23:38:36 SC-1 kernel: [    0.509028] CPU8: Thermal LVT vector (0xfa) already installed
Feb  1 23:38:36 SC-1 kernel: [    0.511415] smpboot:  #   9
Feb  1 23:38:36 SC-1 kernel: [    0.525903] CPU9: Thermal LVT vector (0xfa) already installed
Feb  1 23:38:36 SC-1 kernel: [    0.528291] smpboot:  #  10
Feb  1 23:38:36 SC-1 kernel: [    0.542811] CPU10: Thermal LVT vector (0xfa) already installed
Feb  1 23:38:36 SC-1 kernel: [    0.545182] smpboot:  #  11
Feb  1 23:38:36 SC-1 kernel: [    0.559691] CPU11: Thermal LVT vector (0xfa) already installed
Feb  1 23:38:36 SC-1 kernel: [    0.562058] smpboot:  #  12
Feb  1 23:38:36 SC-1 kernel: [    0.576579] CPU12: Thermal LVT vector (0xfa) already installed
Feb  1 23:38:36 SC-1 kernel: [    0.578935] smpboot:  #  13
Feb  1 23:38:36 SC-1 kernel: [    0.593462] CPU13: Thermal LVT vector (0xfa) already installed
Feb  1 23:38:36 SC-1 kernel: [    0.595909] smpboot:  #  14
Feb  1 23:38:36 SC-1 kernel: [    0.610443] CPU14: Thermal LVT vector (0xfa) already installed
Feb  1 23:38:36 SC-1 kernel: [    0.612887] smpboot:  #  15
Feb  1 23:38:36 SC-1 kernel: [    0.627406] CPU15: Thermal LVT vector (0xfa) already installed
Feb  1 23:38:36 SC-1 kernel: [    0.629769] smpboot:  #  16
Feb  1 23:38:36 SC-1 kernel: [    0.644271] CPU16: Thermal LVT vector (0xfa) already installed
Feb  1 23:38:36 SC-1 kernel: [    0.646644] smpboot:  #  17
Feb  1 23:38:36 SC-1 kernel: [    0.661146] CPU17: Thermal LVT vector (0xfa) already installed
Feb  1 23:38:36 SC-1 kernel: [    0.663518] smpboot:  #  18
Feb  1 23:38:36 SC-1 kernel: [    0.678009] CPU18: Thermal LVT vector (0xfa) already installed
Feb  1 23:38:36 SC-1 kernel: [    0.680398] smpboot:  #  19 OK
Feb  1 23:38:36 SC-1 kernel: [    0.695321] CPU19: Thermal LVT vector (0xfa) already installed
Feb  1 23:38:36 SC-1 kernel: [    0.697411] Brought up 20 CPUs
Feb  1 23:38:36 SC-1 kernel: [    0.700455] smpboot: Total of 20 processors activated (95992.28 BogoMIPS)
Feb  1 23:38:36 SC-1 kernel: [    0.747099] NMI watchdog: enabled on all CPUs, permanently consumes one hw-PMU counter.
Feb  1 23:38:36 SC-1 kernel: [    0.755186] devtmpfs: initialized
Feb  1 23:38:36 SC-1 kernel: [    0.763884] EVM: security.selinux
Feb  1 23:38:36 SC-1 kernel: [    0.767188] EVM: security.ima
Feb  1 23:38:36 SC-1 kernel: [    0.770143] EVM: security.capability
Feb  1 23:38:36 SC-1 kernel: [    0.773751] PM: Registering ACPI NVS region [mem 0x7ef73000-0x7f092fff] (1179648 bytes)
Feb  1 23:38:36 SC-1 kernel: [    0.781776] PM: Registering ACPI NVS region [mem 0x7f23d000-0x7f7fffff] (6041600 bytes)
Feb  1 23:38:36 SC-1 kernel: [    0.790753] pinctrl core: initialized pinctrl subsystem
Feb  1 23:38:36 SC-1 kernel: [    0.796007] RTC time: 22:38:10, date: 02/01/16
Feb  1 23:38:36 SC-1 kernel: [    0.800501] NET: Registered protocol family 16
Feb  1 23:38:36 SC-1 kernel: [    0.805017] cpuidle: using governor ladder
Feb  1 23:38:36 SC-1 kernel: [    0.809102] cpuidle: using governor menu
Feb  1 23:38:36 SC-1 kernel: [    0.813029] ACPI: bus type PCI registered
Feb  1 23:38:36 SC-1 kernel: [    0.817027] acpiphp: ACPI Hot Plug PCI Controller Driver version: 0.5
Feb  1 23:38:36 SC-1 kernel: [    0.823505] PCI: MMCONFIG for domain 0000 [bus 00-ff] at [mem 0x80000000-0x8fffffff] (base 0x80000000)
Feb  1 23:38:36 SC-1 kernel: [    0.832797] PCI: MMCONFIG at [mem 0x80000000-0x8fffffff] reserved in E820
Feb  1 23:38:36 SC-1 kernel: [    0.839770] PCI: Using configuration type 1 for base access
Feb  1 23:38:36 SC-1 kernel: [    0.846776] bio: create slab <bio-0> at 0
Feb  1 23:38:36 SC-1 kernel: [    0.851006] ACPI: Added _OSI(Module Device)
Feb  1 23:38:36 SC-1 kernel: [    0.855179] ACPI: Added _OSI(Processor Device)
Feb  1 23:38:36 SC-1 kernel: [    0.859610] ACPI: Added _OSI(3.0 _SCP Extensions)
Feb  1 23:38:36 SC-1 kernel: [    0.864300] ACPI: Added _OSI(Processor Aggregator Device)
Feb  1 23:38:36 SC-1 kernel: [    0.876468] ACPI: EC: Look up EC in DSDT
Feb  1 23:38:36 SC-1 kernel: [    0.883399] ACPI: Executed 1 blocks of module-level executable AML code
Feb  1 23:38:36 SC-1 kernel: [    1.111459] \_SB_:_OSC invalid UUID
Feb  1 23:38:36 SC-1 kernel: [    1.111461] _OSC request data:1 1f 
Feb  1 23:38:36 SC-1 kernel: [    1.115810] ACPI: Interpreter enabled
Feb  1 23:38:36 SC-1 kernel: [    1.119471] ACPI Exception: AE_NOT_FOUND, While evaluating Sleep State [\_S2_] (20130725/hwxface-571)
Feb  1 23:38:36 SC-1 kernel: [    1.128696] ACPI: (supports S0 S1 S3 S4 S5)
Feb  1 23:38:36 SC-1 kernel: [    1.132868] ACPI: Using IOAPIC for interrupt routing
Feb  1 23:38:36 SC-1 kernel: [    1.137877] HEST: Table parsing has been initialized.
Feb  1 23:38:36 SC-1 kernel: [    1.142920] PCI: Using host bridge windows from ACPI; if necessary, use "pci=nocrs" and report a bug
Feb  1 23:38:36 SC-1 kernel: [    1.152296] ACPI: No dock devices found.
Feb  1 23:38:36 SC-1 kernel: [    1.174747] ACPI: PCI Root Bridge [PCI0] (domain 0000 [bus 00-fe])
Feb  1 23:38:36 SC-1 kernel: [    1.181125] acpi PNP0A08:00: Requesting ACPI _OSC control (0x1d)
Feb  1 23:38:36 SC-1 kernel: [    1.187412] acpi PNP0A08:00: ACPI _OSC control (0x15) granted
Feb  1 23:38:36 SC-1 kernel: [    1.193653] PCI host bridge to bus 0000:00
Feb  1 23:38:36 SC-1 kernel: [    1.197740] pci_bus 0000:00: root bus resource [bus 00-fe]
Feb  1 23:38:36 SC-1 kernel: [    1.203211] pci_bus 0000:00: root bus resource [io  0x0000-0x03af]
Feb  1 23:38:36 SC-1 kernel: [    1.209377] pci_bus 0000:00: root bus resource [io  0x03e0-0x0cf7]
Feb  1 23:38:36 SC-1 kernel: [    1.215544] pci_bus 0000:00: root bus resource [io  0x03b0-0x03df]
Feb  1 23:38:36 SC-1 kernel: [    1.221710] pci_bus 0000:00: root bus resource [io  0x0d00-0xffff]
Feb  1 23:38:36 SC-1 kernel: [    1.227877] pci_bus 0000:00: root bus resource [mem 0x000a0000-0x000bffff]
Feb  1 23:38:36 SC-1 kernel: [    1.234737] pci_bus 0000:00: root bus resource [mem 0x000c0000-0x000dffff]
Feb  1 23:38:36 SC-1 kernel: [    1.241600] pci_bus 0000:00: root bus resource [mem 0x80000000-0xfbffffff]
Feb  1 23:38:36 SC-1 kernel: [    1.248472] pci 0000:00:00.0: [8086:0e00] type 00 class 0x060000
Feb  1 23:38:36 SC-1 kernel: [    1.248527] pci 0000:00:00.0: PME# supported from D0 D3hot D3cold
Feb  1 23:38:36 SC-1 kernel: [    1.248606] pci 0000:00:01.0: [8086:0e02] type 01 class 0x060400
Feb  1 23:38:36 SC-1 kernel: [    1.248670] pci 0000:00:01.0: PME# supported from D0 D3hot D3cold
Feb  1 23:38:36 SC-1 kernel: [    1.248722] pci 0000:00:01.0: System wakeup disabled by ACPI
Feb  1 23:38:36 SC-1 kernel: [    1.254402] pci 0000:00:02.0: [8086:0e04] type 01 class 0x060400
Feb  1 23:38:36 SC-1 kernel: [    1.254465] pci 0000:00:02.0: PME# supported from D0 D3hot D3cold
Feb  1 23:38:36 SC-1 kernel: [    1.254519] pci 0000:00:02.0: System wakeup disabled by ACPI
Feb  1 23:38:36 SC-1 kernel: [    1.260200] pci 0000:00:03.0: [8086:0e08] type 01 class 0x060400
Feb  1 23:38:36 SC-1 kernel: [    1.260264] pci 0000:00:03.0: PME# supported from D0 D3hot D3cold
Feb  1 23:38:36 SC-1 kernel: [    1.260315] pci 0000:00:03.0: System wakeup disabled by ACPI
Feb  1 23:38:36 SC-1 kernel: [    1.265994] pci 0000:00:03.2: [8086:0e0a] type 01 class 0x060400
Feb  1 23:38:36 SC-1 kernel: [    1.266057] pci 0000:00:03.2: PME# supported from D0 D3hot D3cold
Feb  1 23:38:36 SC-1 kernel: [    1.266108] pci 0000:00:03.2: System wakeup disabled by ACPI
Feb  1 23:38:36 SC-1 kernel: [    1.271783] pci 0000:00:05.0: [8086:0e28] type 00 class 0x088000
Feb  1 23:38:36 SC-1 kernel: [    1.271891] pci 0000:00:05.2: [8086:0e2a] type 00 class 0x088000
Feb  1 23:38:36 SC-1 kernel: [    1.271998] pci 0000:00:05.4: [8086:0e2c] type 00 class 0x080020
Feb  1 23:38:36 SC-1 kernel: [    1.272008] pci 0000:00:05.4: reg 0x10: [mem 0xfbf06000-0xfbf06fff]
Feb  1 23:38:36 SC-1 kernel: [    1.272143] pci 0000:00:1c.0: [8086:2342] type 01 class 0x060400
Feb  1 23:38:36 SC-1 kernel: [    1.272202] pci 0000:00:1c.0: PME# supported from D0 D3hot D3cold
Feb  1 23:38:36 SC-1 kernel: [    1.272250] pci 0000:00:1c.0: System wakeup disabled by ACPI
Feb  1 23:38:36 SC-1 kernel: [    1.277923] pci 0000:00:1c.1: [8086:2344] type 01 class 0x060400
Feb  1 23:38:36 SC-1 kernel: [    1.277982] pci 0000:00:1c.1: PME# supported from D0 D3hot D3cold
Feb  1 23:38:36 SC-1 kernel: [    1.278029] pci 0000:00:1c.1: System wakeup disabled by ACPI
Feb  1 23:38:36 SC-1 kernel: [    1.283711] pci 0000:00:1d.0: [8086:2334] type 00 class 0x0c0320
Feb  1 23:38:36 SC-1 kernel: [    1.283730] pci 0000:00:1d.0: reg 0x10: [mem 0xfbf05000-0xfbf053ff]
Feb  1 23:38:36 SC-1 kernel: [    1.283809] pci 0000:00:1d.0: PME# supported from D0 D3hot D3cold
Feb  1 23:38:36 SC-1 kernel: [    1.283857] pci 0000:00:1d.0: System wakeup disabled by ACPI
Feb  1 23:38:36 SC-1 kernel: [    1.289533] pci 0000:00:1f.0: [8086:2310] type 00 class 0x060100
Feb  1 23:38:36 SC-1 kernel: [    1.289692] pci 0000:00:1f.2: [8086:2323] type 00 class 0x010601
Feb  1 23:38:36 SC-1 kernel: [    1.289708] pci 0000:00:1f.2: reg 0x10: [io  0xf070-0xf077]
Feb  1 23:38:36 SC-1 kernel: [    1.289714] pci 0000:00:1f.2: reg 0x14: [io  0xf060-0xf063]
Feb  1 23:38:36 SC-1 kernel: [    1.289721] pci 0000:00:1f.2: reg 0x18: [io  0xf050-0xf057]
Feb  1 23:38:36 SC-1 kernel: [    1.289727] pci 0000:00:1f.2: reg 0x1c: [io  0xf040-0xf043]
Feb  1 23:38:36 SC-1 kernel: [    1.289734] pci 0000:00:1f.2: reg 0x20: [io  0xf020-0xf03f]
Feb  1 23:38:36 SC-1 kernel: [    1.289741] pci 0000:00:1f.2: reg 0x24: [mem 0xfbf04000-0xfbf047ff]
Feb  1 23:38:36 SC-1 kernel: [    1.289780] pci 0000:00:1f.2: PME# supported from D3hot
Feb  1 23:38:36 SC-1 kernel: [    1.289846] pci 0000:00:1f.3: [8086:2330] type 00 class 0x0c0500
Feb  1 23:38:36 SC-1 kernel: [    1.289859] pci 0000:00:1f.3: reg 0x10: [mem 0xfbf03000-0xfbf030ff 64bit]
Feb  1 23:38:36 SC-1 kernel: [    1.289876] pci 0000:00:1f.3: reg 0x20: [io  0xf000-0xf01f]
Feb  1 23:38:36 SC-1 kernel: [    1.289953] pci 0000:00:1f.7: [8086:2360] type 00 class 0x088000
Feb  1 23:38:36 SC-1 kernel: [    1.289964] pci 0000:00:1f.7: reg 0x10: [mem 0xfbf02000-0xfbf027ff]
Feb  1 23:38:36 SC-1 kernel: [    1.289971] pci 0000:00:1f.7: reg 0x14: [mem 0xfbf01000-0xfbf0107f]
Feb  1 23:38:36 SC-1 kernel: [    1.289978] pci 0000:00:1f.7: reg 0x18: [mem 0xfbf00000-0xfbf003ff]
Feb  1 23:38:36 SC-1 kernel: [    1.290128] pci 0000:01:00.0: [8086:10f8] type 00 class 0x020000
Feb  1 23:38:36 SC-1 kernel: [    1.290138] pci 0000:01:00.0: reg 0x10: [mem 0xfbe20000-0xfbe3ffff 64bit]
Feb  1 23:38:36 SC-1 kernel: [    1.290144] pci 0000:01:00.0: reg 0x18: [io  0xe020-0xe03f]
Feb  1 23:38:36 SC-1 kernel: [    1.290157] pci 0000:01:00.0: reg 0x20: [mem 0xfbe44000-0xfbe47fff 64bit]
Feb  1 23:38:36 SC-1 kernel: [    1.290191] pci 0000:01:00.0: PME# supported from D0 D3hot
Feb  1 23:38:36 SC-1 kernel: [    1.324659] pci 0000:01:00.0: reg 0x184: [mem 0x90000000-0x90003fff 64bit pref]
Feb  1 23:38:36 SC-1 kernel: [    1.324669] pci 0000:01:00.0: reg 0x190: [mem 0x90100000-0x90103fff 64bit pref]
Feb  1 23:38:36 SC-1 kernel: [    1.324712] pci 0000:01:00.1: [8086:10f8] type 00 class 0x020000
Feb  1 23:38:36 SC-1 kernel: [    1.324723] pci 0000:01:00.1: reg 0x10: [mem 0xfbe00000-0xfbe1ffff 64bit]
Feb  1 23:38:36 SC-1 kernel: [    1.324729] pci 0000:01:00.1: reg 0x18: [io  0xe000-0xe01f]
Feb  1 23:38:36 SC-1 kernel: [    1.324741] pci 0000:01:00.1: reg 0x20: [mem 0xfbe40000-0xfbe43fff 64bit]
Feb  1 23:38:36 SC-1 kernel: [    1.324777] pci 0000:01:00.1: PME# supported from D0 D3hot
Feb  1 23:38:36 SC-1 kernel: [    1.360027] pci 0000:01:00.1: reg 0x184: [mem 0x90200000-0x90203fff 64bit pref]
Feb  1 23:38:36 SC-1 kernel: [    1.360037] pci 0000:01:00.1: reg 0x190: [mem 0x90300000-0x90303fff 64bit pref]
Feb  1 23:38:36 SC-1 kernel: [    1.371652] pci 0000:00:01.0: PCI bridge to [bus 01]
Feb  1 23:38:36 SC-1 kernel: [    1.376608] pci 0000:00:01.0:   bridge window [io  0xe000-0xefff]
Feb  1 23:38:36 SC-1 kernel: [    1.376611] pci 0000:00:01.0:   bridge window [mem 0xfbe00000-0xfbefffff]
Feb  1 23:38:36 SC-1 kernel: [    1.376616] pci 0000:00:01.0:   bridge window [mem 0x90000000-0x903fffff 64bit pref]
Feb  1 23:38:36 SC-1 kernel: [    1.376679] pci 0000:02:00.0: [8086:0434] type 00 class 0x0b4000
Feb  1 23:38:36 SC-1 kernel: [    1.376690] pci 0000:02:00.0: reg 0x10: [mem 0xfb900000-0xfb97ffff 64bit pref]
Feb  1 23:38:36 SC-1 kernel: [    1.376698] pci 0000:02:00.0: reg 0x18: [mem 0xfbd80000-0xfbd9ffff 64bit]
Feb  1 23:38:36 SC-1 kernel: [    1.376707] pci 0000:02:00.0: reg 0x20: [mem 0xfbdb0000-0xfbdb3fff 64bit]
Feb  1 23:38:36 SC-1 kernel: [    1.376761] pci 0000:02:00.0: reg 0x164: [mem 0xfbdb4000-0xfbdb4fff 64bit]
Feb  1 23:38:36 SC-1 kernel: [    1.376768] pci 0000:02:00.0: reg 0x16c: [mem 0xfbdc4000-0xfbdc4fff 64bit]
Feb  1 23:38:36 SC-1 kernel: [    1.376806] pci 0000:02:00.1: [8086:0438] type 00 class 0x020000
Feb  1 23:38:36 SC-1 kernel: [    1.376814] pci 0000:02:00.1: reg 0x10: [mem 0xfbd60000-0xfbd7ffff]
Feb  1 23:38:36 SC-1 kernel: [    1.376825] pci 0000:02:00.1: reg 0x18: [io  0xd180-0xd1ff]
Feb  1 23:38:36 SC-1 kernel: [    1.376831] pci 0000:02:00.1: reg 0x1c: [mem 0xfbdac000-0xfbdaffff]
Feb  1 23:38:36 SC-1 kernel: [    1.376874] pci 0000:02:00.1: PME# supported from D0 D3hot
Feb  1 23:38:36 SC-1 kernel: [    1.376914] pci 0000:02:00.2: [8086:0438] type 00 class 0x020000
Feb  1 23:38:36 SC-1 kernel: [    1.376922] pci 0000:02:00.2: reg 0x10: [mem 0xfbd40000-0xfbd5ffff]
Feb  1 23:38:36 SC-1 kernel: [    1.376932] pci 0000:02:00.2: reg 0x18: [io  0xd100-0xd17f]
Feb  1 23:38:36 SC-1 kernel: [    1.376938] pci 0000:02:00.2: reg 0x1c: [mem 0xfbda8000-0xfbdabfff]
Feb  1 23:38:36 SC-1 kernel: [    1.376982] pci 0000:02:00.2: PME# supported from D0 D3hot
Feb  1 23:38:36 SC-1 kernel: [    1.377021] pci 0000:02:00.3: [8086:0438] type 00 class 0x020000
Feb  1 23:38:36 SC-1 kernel: [    1.377029] pci 0000:02:00.3: reg 0x10: [mem 0xfbd20000-0xfbd3ffff]
Feb  1 23:38:36 SC-1 kernel: [    1.377039] pci 0000:02:00.3: reg 0x18: [io  0xd080-0xd0ff]
Feb  1 23:38:36 SC-1 kernel: [    1.377045] pci 0000:02:00.3: reg 0x1c: [mem 0xfbda4000-0xfbda7fff]
Feb  1 23:38:36 SC-1 kernel: [    1.377089] pci 0000:02:00.3: PME# supported from D0 D3hot
Feb  1 23:38:36 SC-1 kernel: [    1.377128] pci 0000:02:00.4: [8086:0438] type 00 class 0x020000
Feb  1 23:38:36 SC-1 kernel: [    1.377136] pci 0000:02:00.4: reg 0x10: [mem 0xfbd00000-0xfbd1ffff]
Feb  1 23:38:36 SC-1 kernel: [    1.377146] pci 0000:02:00.4: reg 0x18: [io  0xd000-0xd07f]
Feb  1 23:38:36 SC-1 kernel: [    1.377152] pci 0000:02:00.4: reg 0x1c: [mem 0xfbda0000-0xfbda3fff]
Feb  1 23:38:36 SC-1 kernel: [    1.377195] pci 0000:02:00.4: PME# supported from D0 D3hot
Feb  1 23:38:36 SC-1 kernel: [    1.384625] pci 0000:00:02.0: PCI bridge to [bus 02]
Feb  1 23:38:36 SC-1 kernel: [    1.389579] pci 0000:00:02.0:   bridge window [io  0xd000-0xdfff]
Feb  1 23:38:36 SC-1 kernel: [    1.389582] pci 0000:00:02.0:   bridge window [mem 0xfbd00000-0xfbdfffff]
Feb  1 23:38:36 SC-1 kernel: [    1.389587] pci 0000:00:02.0:   bridge window [mem 0xfb900000-0xfb9fffff 64bit pref]
Feb  1 23:38:36 SC-1 kernel: [    1.389645] pci 0000:03:00.0: [1000:0087] type 00 class 0x010700
Feb  1 23:38:36 SC-1 kernel: [    1.389653] pci 0000:03:00.0: reg 0x10: [io  0xc000-0xc0ff]
Feb  1 23:38:36 SC-1 kernel: [    1.389662] pci 0000:03:00.0: reg 0x14: [mem 0xfbb40000-0xfbb4ffff 64bit]
Feb  1 23:38:36 SC-1 kernel: [    1.389670] pci 0000:03:00.0: reg 0x1c: [mem 0xfbb00000-0xfbb3ffff 64bit]
Feb  1 23:38:36 SC-1 kernel: [    1.389680] pci 0000:03:00.0: reg 0x30: [mem 0xfba00000-0xfbafffff pref]
Feb  1 23:38:36 SC-1 kernel: [    1.389713] pci 0000:03:00.0: supports D1 D2
Feb  1 23:38:36 SC-1 kernel: [    1.805961] pci 0000:00:03.0: PCI bridge to [bus 03]
Feb  1 23:38:36 SC-1 kernel: [    1.810917] pci 0000:00:03.0:   bridge window [io  0xc000-0xcfff]
Feb  1 23:38:36 SC-1 kernel: [    1.810920] pci 0000:00:03.0:   bridge window [mem 0xfba00000-0xfbbfffff]
Feb  1 23:38:36 SC-1 kernel: [    1.810975] pci 0000:00:03.2: PCI bridge to [bus 04]
Feb  1 23:38:36 SC-1 kernel: [    1.815977] pci 0000:00:1c.0: PCI bridge to [bus 05]
Feb  1 23:38:36 SC-1 kernel: [    1.821004] pci 0000:06:00.0: [8086:10d3] type 00 class 0x020000
Feb  1 23:38:36 SC-1 kernel: [    1.821027] pci 0000:06:00.0: reg 0x10: [mem 0xfbc00000-0xfbc1ffff]
Feb  1 23:38:36 SC-1 kernel: [    1.821058] pci 0000:06:00.0: reg 0x18: [io  0xb000-0xb01f]
Feb  1 23:38:36 SC-1 kernel: [    1.821075] pci 0000:06:00.0: reg 0x1c: [mem 0xfbc20000-0xfbc23fff]
Feb  1 23:38:36 SC-1 kernel: [    1.821212] pci 0000:06:00.0: PME# supported from D0 D3hot
Feb  1 23:38:36 SC-1 kernel: [    1.828950] pci 0000:00:1c.1: PCI bridge to [bus 06]
Feb  1 23:38:36 SC-1 kernel: [    1.833905] pci 0000:00:1c.1:   bridge window [io  0xb000-0xbfff]
Feb  1 23:38:36 SC-1 kernel: [    1.833907] pci 0000:00:1c.1:   bridge window [mem 0xfbc00000-0xfbcfffff]
Feb  1 23:38:36 SC-1 kernel: [    1.834288] ACPI: PCI Root Bridge [UNC0] (domain 0000 [bus ff])
Feb  1 23:38:36 SC-1 kernel: [    1.840220] acpi PNP0A03:00: Requesting ACPI _OSC control (0x1d)
Feb  1 23:38:36 SC-1 kernel: [    1.846232] acpi PNP0A03:00: ACPI _OSC control (0x1d) granted
Feb  1 23:38:36 SC-1 kernel: [    1.852029] PCI host bridge to bus 0000:ff
Feb  1 23:38:36 SC-1 kernel: [    1.856114] pci_bus 0000:ff: root bus resource [bus ff]
Feb  1 23:38:36 SC-1 kernel: [    1.861333] pci 0000:ff:08.0: [8086:0e80] type 00 class 0x088000
Feb  1 23:38:36 SC-1 kernel: [    1.861380] pci 0000:ff:09.0: [8086:0e90] type 00 class 0x088000
Feb  1 23:38:36 SC-1 kernel: [    1.861424] pci 0000:ff:0a.0: [8086:0ec0] type 00 class 0x088000
Feb  1 23:38:36 SC-1 kernel: [    1.861461] pci 0000:ff:0a.1: [8086:0ec1] type 00 class 0x088000
Feb  1 23:38:36 SC-1 kernel: [    1.861498] pci 0000:ff:0a.2: [8086:0ec2] type 00 class 0x088000
Feb  1 23:38:36 SC-1 kernel: [    1.861535] pci 0000:ff:0a.3: [8086:0ec3] type 00 class 0x088000
Feb  1 23:38:36 SC-1 kernel: [    1.861579] pci 0000:ff:0b.0: [8086:0e1e] type 00 class 0x088000
Feb  1 23:38:36 SC-1 kernel: [    1.861613] pci 0000:ff:0b.3: [8086:0e1f] type 00 class 0x088000
Feb  1 23:38:36 SC-1 kernel: [    1.861649] pci 0000:ff:0c.0: [8086:0ee0] type 00 class 0x088000
Feb  1 23:38:36 SC-1 kernel: [    1.861683] pci 0000:ff:0c.1: [8086:0ee2] type 00 class 0x088000
Feb  1 23:38:36 SC-1 kernel: [    1.861717] pci 0000:ff:0c.2: [8086:0ee4] type 00 class 0x088000
Feb  1 23:38:36 SC-1 kernel: [    1.861752] pci 0000:ff:0c.3: [8086:0ee6] type 00 class 0x088000
Feb  1 23:38:36 SC-1 kernel: [    1.861786] pci 0000:ff:0c.4: [8086:0ee8] type 00 class 0x088000
Feb  1 23:38:36 SC-1 kernel: [    1.861822] pci 0000:ff:0d.0: [8086:0ee1] type 00 class 0x088000
Feb  1 23:38:36 SC-1 kernel: [    1.861857] pci 0000:ff:0d.1: [8086:0ee3] type 00 class 0x088000
Feb  1 23:38:36 SC-1 kernel: [    1.861891] pci 0000:ff:0d.2: [8086:0ee5] type 00 class 0x088000
Feb  1 23:38:36 SC-1 kernel: [    1.861926] pci 0000:ff:0d.3: [8086:0ee7] type 00 class 0x088000
Feb  1 23:38:36 SC-1 kernel: [    1.861960] pci 0000:ff:0d.4: [8086:0ee9] type 00 class 0x088000
Feb  1 23:38:36 SC-1 kernel: [    1.861996] pci 0000:ff:0e.0: [8086:0ea0] type 00 class 0x088000
Feb  1 23:38:36 SC-1 kernel: [    1.862034] pci 0000:ff:0e.1: [8086:0e30] type 00 class 0x110100
Feb  1 23:38:36 SC-1 kernel: [    1.862078] pci 0000:ff:0f.0: [8086:0ea8] type 00 class 0x088000
Feb  1 23:38:36 SC-1 kernel: [    1.862128] pci 0000:ff:0f.1: [8086:0e71] type 00 class 0x088000
Feb  1 23:38:36 SC-1 kernel: [    1.862176] pci 0000:ff:0f.2: [8086:0eaa] type 00 class 0x088000
Feb  1 23:38:36 SC-1 kernel: [    1.862224] pci 0000:ff:0f.3: [8086:0eab] type 00 class 0x088000
Feb  1 23:38:36 SC-1 kernel: [    1.862271] pci 0000:ff:0f.4: [8086:0eac] type 00 class 0x088000
Feb  1 23:38:36 SC-1 kernel: [    1.862319] pci 0000:ff:0f.5: [8086:0ead] type 00 class 0x088000
Feb  1 23:38:36 SC-1 kernel: [    1.862369] pci 0000:ff:10.0: [8086:0eb0] type 00 class 0x088000
Feb  1 23:38:36 SC-1 kernel: [    1.862416] pci 0000:ff:10.1: [8086:0eb1] type 00 class 0x088000
Feb  1 23:38:36 SC-1 kernel: [    1.862465] pci 0000:ff:10.2: [8086:0eb2] type 00 class 0x088000
Feb  1 23:38:36 SC-1 kernel: [    1.862512] pci 0000:ff:10.3: [8086:0eb3] type 00 class 0x088000
Feb  1 23:38:36 SC-1 kernel: [    1.862561] pci 0000:ff:10.4: [8086:0eb4] type 00 class 0x088000
Feb  1 23:38:36 SC-1 kernel: [    1.862609] pci 0000:ff:10.5: [8086:0eb5] type 00 class 0x088000
Feb  1 23:38:36 SC-1 kernel: [    1.862657] pci 0000:ff:10.6: [8086:0eb6] type 00 class 0x088000
Feb  1 23:38:36 SC-1 kernel: [    1.862705] pci 0000:ff:10.7: [8086:0eb7] type 00 class 0x088000
Feb  1 23:38:36 SC-1 kernel: [    1.862752] pci 0000:ff:13.0: [8086:0e1d] type 00 class 0x088000
Feb  1 23:38:36 SC-1 kernel: [    1.862790] pci 0000:ff:13.1: [8086:0e34] type 00 class 0x110100
Feb  1 23:38:36 SC-1 kernel: [    1.862828] pci 0000:ff:13.4: [8086:0e81] type 00 class 0x088000
Feb  1 23:38:36 SC-1 kernel: [    1.862864] pci 0000:ff:13.5: [8086:0e36] type 00 class 0x110100
Feb  1 23:38:36 SC-1 kernel: [    1.862902] pci 0000:ff:16.0: [8086:0ec8] type 00 class 0x088000
Feb  1 23:38:36 SC-1 kernel: [    1.862937] pci 0000:ff:16.1: [8086:0ec9] type 00 class 0x088000
Feb  1 23:38:36 SC-1 kernel: [    1.862973] pci 0000:ff:16.2: [8086:0eca] type 00 class 0x088000
Feb  1 23:38:36 SC-1 kernel: [    1.863097] ACPI: PCI Interrupt Link [LNKA] (IRQs 3 4 5 6 7 10 *11 12 14 15), disabled.
Feb  1 23:38:36 SC-1 kernel: [    1.871200] ACPI: PCI Interrupt Link [LNKB] (IRQs 3 4 *5 6 7 10 11 12 14 15), disabled.
Feb  1 23:38:36 SC-1 kernel: [    1.879296] ACPI: PCI Interrupt Link [LNKC] (IRQs 3 4 5 6 *7 10 11 12 14 15), disabled.
Feb  1 23:38:36 SC-1 kernel: [    1.887392] ACPI: PCI Interrupt Link [LNKD] (IRQs 3 4 5 6 7 10 *11 12 14 15), disabled.
Feb  1 23:38:36 SC-1 kernel: [    1.895491] ACPI: PCI Interrupt Link [LNKE] (IRQs 3 4 5 6 7 10 11 12 14 15) *0, disabled.
Feb  1 23:38:36 SC-1 kernel: [    1.903765] ACPI: PCI Interrupt Link [LNKF] (IRQs 3 4 5 6 7 10 11 12 14 15) *0, disabled.
Feb  1 23:38:36 SC-1 kernel: [    1.912041] ACPI: PCI Interrupt Link [LNKG] (IRQs 3 4 5 6 7 10 11 12 14 15) *0, disabled.
Feb  1 23:38:36 SC-1 kernel: [    1.920314] ACPI: PCI Interrupt Link [LNKH] (IRQs 3 4 *5 6 7 10 11 12 14 15), disabled.
Feb  1 23:38:36 SC-1 kernel: [    1.930223] ACPI: Enabled 2 GPEs in block 00 to 3F
Feb  1 23:38:36 SC-1 kernel: [    1.935081] vgaarb: loaded
Feb  1 23:38:36 SC-1 kernel: [    1.937813] PCI: Using ACPI for IRQ routing
Feb  1 23:38:36 SC-1 kernel: [    1.947359] PCI: pci_cache_line_size set to 64 bytes
Feb  1 23:38:36 SC-1 kernel: [    1.947445] e820: reserve RAM buffer [mem 0x00099c00-0x0009ffff]
Feb  1 23:38:36 SC-1 kernel: [    1.947447] e820: reserve RAM buffer [mem 0x7ee29000-0x7fffffff]
Feb  1 23:38:36 SC-1 kernel: [    1.947530] NetLabel: Initializing
Feb  1 23:38:36 SC-1 kernel: [    1.950922] NetLabel:  domain hash size = 128
Feb  1 23:38:36 SC-1 kernel: [    1.955266] NetLabel:  protocols = UNLABELED CIPSOv4
Feb  1 23:38:36 SC-1 kernel: [    1.960227] NetLabel:  unlabeled traffic allowed by default
Feb  1 23:38:36 SC-1 kernel: [    1.965803] hpet0: at MMIO 0xfed00000, IRQs 2, 8, 0, 0, 0, 0, 0, 0
Feb  1 23:38:36 SC-1 kernel: [    1.972001] hpet0: 8 comparators, 64-bit 14.318180 MHz counter
Feb  1 23:38:36 SC-1 kernel: [    1.979861] Switched to clocksource hpet
Feb  1 23:38:36 SC-1 kernel: [    1.987874] AppArmor: AppArmor Filesystem Enabled
Feb  1 23:38:36 SC-1 kernel: [    1.992583] pnp: PnP ACPI init
Feb  1 23:38:36 SC-1 kernel: [    1.995700] system 00:00: [mem 0xfc000000-0xfcffffff] has been reserved
Feb  1 23:38:36 SC-1 kernel: [    2.002304] system 00:00: [mem 0xfd000000-0xfdffffff] has been reserved
Feb  1 23:38:36 SC-1 kernel: [    2.008909] system 00:00: [mem 0xfe000000-0xfeafffff] has been reserved
Feb  1 23:38:36 SC-1 kernel: [    2.015509] system 00:00: [mem 0xfeb00000-0xfebfffff] has been reserved
Feb  1 23:38:36 SC-1 kernel: [    2.022114] system 00:00: [mem 0xfed00400-0xfed3ffff] could not be reserved
Feb  1 23:38:36 SC-1 kernel: [    2.029062] system 00:00: [mem 0xfed45000-0xfedfffff] could not be reserved
Feb  1 23:38:36 SC-1 kernel: [    2.036013] system 00:00: Plug and Play ACPI device, IDs PNP0c01 (active)
Feb  1 23:38:36 SC-1 kernel: [    2.036101] system 00:01: [mem 0xfbffc000-0xfbffdfff] could not be reserved
Feb  1 23:38:36 SC-1 kernel: [    2.043052] system 00:01: Plug and Play ACPI device, IDs PNP0c02 (active)
Feb  1 23:38:36 SC-1 kernel: [    2.043314] pnp 00:02: [dma 0 disabled]
Feb  1 23:38:36 SC-1 kernel: [    2.043359] pnp 00:02: Plug and Play ACPI device, IDs PNP0501 (active)
Feb  1 23:38:36 SC-1 kernel: [    2.043603] pnp 00:03: [dma 0 disabled]
Feb  1 23:38:36 SC-1 kernel: [    2.043643] pnp 00:03: Plug and Play ACPI device, IDs PNP0501 (active)
Feb  1 23:38:36 SC-1 kernel: [    2.043656] pnp 00:04: [dma 4]
Feb  1 23:38:36 SC-1 kernel: [    2.043668] pnp 00:04: Plug and Play ACPI device, IDs PNP0200 (active)
Feb  1 23:38:36 SC-1 kernel: [    2.043693] pnp 00:05: Plug and Play ACPI device, IDs PNP0b00 (active)
Feb  1 23:38:36 SC-1 kernel: [    2.043710] pnp 00:06: Plug and Play ACPI device, IDs PNP0800 (active)
Feb  1 23:38:36 SC-1 kernel: [    2.043774] system 00:07: [io  0x04d0-0x04d1] has been reserved
Feb  1 23:38:36 SC-1 kernel: [    2.049686] system 00:07: Plug and Play ACPI device, IDs PNP0c02 (active)
Feb  1 23:38:36 SC-1 kernel: [    2.049714] pnp 00:08: Plug and Play ACPI device, IDs PNP0c04 (active)
Feb  1 23:38:36 SC-1 kernel: [    2.049934] system 00:09: [io  0x0400-0x047f] could not be reserved
Feb  1 23:38:36 SC-1 kernel: [    2.056193] system 00:09: [io  0x1180-0x119f] has been reserved
Feb  1 23:38:36 SC-1 kernel: [    2.062101] system 00:09: [io  0x0500-0x057f] has been reserved
Feb  1 23:38:36 SC-1 kernel: [    2.068010] system 00:09: [mem 0xfed20000-0xfed8ffff] could not be reserved
Feb  1 23:38:36 SC-1 kernel: [    2.074958] system 00:09: [mem 0xfed1c000-0xfed1ffff] has been reserved
Feb  1 23:38:36 SC-1 kernel: [    2.081560] system 00:09: [mem 0xfec00000-0xfecfffff] could not be reserved
Feb  1 23:38:36 SC-1 kernel: [    2.088512] system 00:09: [mem 0xfed08000-0xfed08fff] has been reserved
Feb  1 23:38:36 SC-1 kernel: [    2.095114] system 00:09: [mem 0xff000000-0xffffffff] has been reserved
Feb  1 23:38:36 SC-1 kernel: [    2.101715] system 00:09: Plug and Play ACPI device, IDs PNP0c01 (active)
Feb  1 23:38:36 SC-1 kernel: [    2.101836] pnp 00:0a: Plug and Play ACPI device, IDs PNP0103 (active)
Feb  1 23:38:36 SC-1 kernel: [    2.102208] pnp: PnP ACPI: found 11 devices
Feb  1 23:38:36 SC-1 kernel: [    2.112204] pci 0000:00:01.0: PCI bridge to [bus 01]
Feb  1 23:38:36 SC-1 kernel: [    2.117163] pci 0000:00:01.0:   bridge window [io  0xe000-0xefff]
Feb  1 23:38:36 SC-1 kernel: [    2.123248] pci 0000:00:01.0:   bridge window [mem 0xfbe00000-0xfbefffff]
Feb  1 23:38:36 SC-1 kernel: [    2.130024] pci 0000:00:01.0:   bridge window [mem 0x90000000-0x903fffff 64bit pref]
Feb  1 23:38:36 SC-1 kernel: [    2.137758] pci 0000:00:02.0: PCI bridge to [bus 02]
Feb  1 23:38:36 SC-1 kernel: [    2.142713] pci 0000:00:02.0:   bridge window [io  0xd000-0xdfff]
Feb  1 23:38:36 SC-1 kernel: [    2.148796] pci 0000:00:02.0:   bridge window [mem 0xfbd00000-0xfbdfffff]
Feb  1 23:38:36 SC-1 kernel: [    2.155573] pci 0000:00:02.0:   bridge window [mem 0xfb900000-0xfb9fffff 64bit pref]
Feb  1 23:38:36 SC-1 kernel: [    2.163306] pci 0000:00:03.0: PCI bridge to [bus 03]
Feb  1 23:38:36 SC-1 kernel: [    2.168261] pci 0000:00:03.0:   bridge window [io  0xc000-0xcfff]
Feb  1 23:38:36 SC-1 kernel: [    2.174346] pci 0000:00:03.0:   bridge window [mem 0xfba00000-0xfbbfffff]
Feb  1 23:38:36 SC-1 kernel: [    2.181125] pci 0000:00:03.2: PCI bridge to [bus 04]
Feb  1 23:38:36 SC-1 kernel: [    2.186087] pci 0000:00:1c.0: PCI bridge to [bus 05]
Feb  1 23:38:36 SC-1 kernel: [    2.191047] pci 0000:00:1c.1: PCI bridge to [bus 06]
Feb  1 23:38:36 SC-1 kernel: [    2.196002] pci 0000:00:1c.1:   bridge window [io  0xb000-0xbfff]
Feb  1 23:38:36 SC-1 kernel: [    2.202087] pci 0000:00:1c.1:   bridge window [mem 0xfbc00000-0xfbcfffff]
Feb  1 23:38:36 SC-1 kernel: [    2.208869] pci_bus 0000:00: resource 4 [io  0x0000-0x03af]
Feb  1 23:38:36 SC-1 kernel: [    2.208870] pci_bus 0000:00: resource 5 [io  0x03e0-0x0cf7]
Feb  1 23:38:36 SC-1 kernel: [    2.208872] pci_bus 0000:00: resource 6 [io  0x03b0-0x03df]
Feb  1 23:38:36 SC-1 kernel: [    2.208873] pci_bus 0000:00: resource 7 [io  0x0d00-0xffff]
Feb  1 23:38:36 SC-1 kernel: [    2.208875] pci_bus 0000:00: resource 8 [mem 0x000a0000-0x000bffff]
Feb  1 23:38:36 SC-1 kernel: [    2.208876] pci_bus 0000:00: resource 9 [mem 0x000c0000-0x000dffff]
Feb  1 23:38:36 SC-1 kernel: [    2.208878] pci_bus 0000:00: resource 10 [mem 0x80000000-0xfbffffff]
Feb  1 23:38:36 SC-1 kernel: [    2.208879] pci_bus 0000:01: resource 0 [io  0xe000-0xefff]
Feb  1 23:38:36 SC-1 kernel: [    2.208881] pci_bus 0000:01: resource 1 [mem 0xfbe00000-0xfbefffff]
Feb  1 23:38:36 SC-1 kernel: [    2.208882] pci_bus 0000:01: resource 2 [mem 0x90000000-0x903fffff 64bit pref]
Feb  1 23:38:36 SC-1 kernel: [    2.208884] pci_bus 0000:02: resource 0 [io  0xd000-0xdfff]
Feb  1 23:38:36 SC-1 kernel: [    2.208885] pci_bus 0000:02: resource 1 [mem 0xfbd00000-0xfbdfffff]
Feb  1 23:38:36 SC-1 kernel: [    2.208887] pci_bus 0000:02: resource 2 [mem 0xfb900000-0xfb9fffff 64bit pref]
Feb  1 23:38:36 SC-1 kernel: [    2.208888] pci_bus 0000:03: resource 0 [io  0xc000-0xcfff]
Feb  1 23:38:36 SC-1 kernel: [    2.208890] pci_bus 0000:03: resource 1 [mem 0xfba00000-0xfbbfffff]
Feb  1 23:38:36 SC-1 kernel: [    2.208891] pci_bus 0000:06: resource 0 [io  0xb000-0xbfff]
Feb  1 23:38:36 SC-1 kernel: [    2.208893] pci_bus 0000:06: resource 1 [mem 0xfbc00000-0xfbcfffff]
Feb  1 23:38:36 SC-1 kernel: [    2.209057] NET: Registered protocol family 2
Feb  1 23:38:36 SC-1 kernel: [    2.214201] TCP established hash table entries: 524288 (order: 11, 8388608 bytes)
Feb  1 23:38:36 SC-1 kernel: [    2.222809] TCP bind hash table entries: 65536 (order: 8, 1048576 bytes)
Feb  1 23:38:36 SC-1 kernel: [    2.229630] TCP: Hash tables configured (established 524288 bind 65536)
Feb  1 23:38:36 SC-1 kernel: [    2.236250] TCP: reno registered
Feb  1 23:38:36 SC-1 kernel: [    2.239526] UDP hash table entries: 32768 (order: 8, 1048576 bytes)
Feb  1 23:38:36 SC-1 kernel: [    2.245986] UDP-Lite hash table entries: 32768 (order: 8, 1048576 bytes)
Feb  1 23:38:36 SC-1 kernel: [    2.252958] NET: Registered protocol family 1
Feb  1 23:38:36 SC-1 kernel: [    2.257560] PCI: CLS 64 bytes, default 64
Feb  1 23:38:36 SC-1 kernel: [    2.257597] Unpacking initramfs...
Feb  1 23:38:36 SC-1 kernel: [   14.305054] Freeing initrd memory: 111264K (ffff880c77357000 - ffff880c7dfff000)
Feb  1 23:38:36 SC-1 kernel: [   14.312633] PCI-DMA: Using software bounce buffering for IO (SWIOTLB)
Feb  1 23:38:36 SC-1 kernel: [   14.319062] software IO TLB [mem 0x7ae29000-0x7ee29000] (64MB) mapped at [ffff88007ae29000-ffff88007ee28fff]
Feb  1 23:38:36 SC-1 kernel: [   14.329720] microcode: CPU0 sig=0x306e4, pf=0x1, revision=0x40c
Feb  1 23:38:36 SC-1 kernel: [   14.335632] microcode: CPU1 sig=0x306e4, pf=0x1, revision=0x40c
Feb  1 23:38:36 SC-1 kernel: [   14.341542] microcode: CPU2 sig=0x306e4, pf=0x1, revision=0x40c
Feb  1 23:38:36 SC-1 kernel: [   14.347453] microcode: CPU3 sig=0x306e4, pf=0x1, revision=0x40c
Feb  1 23:38:36 SC-1 kernel: [   14.353365] microcode: CPU4 sig=0x306e4, pf=0x1, revision=0x40c
Feb  1 23:38:36 SC-1 kernel: [   14.359279] microcode: CPU5 sig=0x306e4, pf=0x1, revision=0x40c
Feb  1 23:38:36 SC-1 kernel: [   14.365191] microcode: CPU6 sig=0x306e4, pf=0x1, revision=0x40c
Feb  1 23:38:36 SC-1 kernel: [   14.371102] microcode: CPU7 sig=0x306e4, pf=0x1, revision=0x40c
Feb  1 23:38:36 SC-1 kernel: [   14.377015] microcode: CPU8 sig=0x306e4, pf=0x1, revision=0x40c
Feb  1 23:38:36 SC-1 kernel: [   14.382926] microcode: CPU9 sig=0x306e4, pf=0x1, revision=0x40c
Feb  1 23:38:36 SC-1 kernel: [   14.388836] microcode: CPU10 sig=0x306e4, pf=0x1, revision=0x40c
Feb  1 23:38:36 SC-1 kernel: [   14.394834] microcode: CPU11 sig=0x306e4, pf=0x1, revision=0x40c
Feb  1 23:38:36 SC-1 kernel: [   14.400831] microcode: CPU12 sig=0x306e4, pf=0x1, revision=0x40c
Feb  1 23:38:36 SC-1 kernel: [   14.406827] microcode: CPU13 sig=0x306e4, pf=0x1, revision=0x40c
Feb  1 23:38:36 SC-1 kernel: [   14.412823] microcode: CPU14 sig=0x306e4, pf=0x1, revision=0x40c
Feb  1 23:38:36 SC-1 kernel: [   14.418820] microcode: CPU15 sig=0x306e4, pf=0x1, revision=0x40c
Feb  1 23:38:36 SC-1 kernel: [   14.424820] microcode: CPU16 sig=0x306e4, pf=0x1, revision=0x40c
Feb  1 23:38:36 SC-1 kernel: [   14.430819] microcode: CPU17 sig=0x306e4, pf=0x1, revision=0x40c
Feb  1 23:38:36 SC-1 kernel: [   14.436816] microcode: CPU18 sig=0x306e4, pf=0x1, revision=0x40c
Feb  1 23:38:36 SC-1 kernel: [   14.442813] microcode: CPU19 sig=0x306e4, pf=0x1, revision=0x40c
Feb  1 23:38:36 SC-1 kernel: [   14.448856] microcode: Microcode Update Driver: v2.00 <tigran@aivazian.fsnet.co.uk>, Peter Oruba
Feb  1 23:38:36 SC-1 kernel: [   14.457641] Scanning for low memory corruption every 60 seconds
Feb  1 23:38:36 SC-1 kernel: [   14.463707] kgr: successfully initialized
Feb  1 23:38:36 SC-1 kernel: [   14.467971] futex hash table entries: 8192 (order: 7, 524288 bytes)
Feb  1 23:38:36 SC-1 kernel: [   14.474296] Initialise system trusted keyring
Feb  1 23:38:36 SC-1 kernel: [   14.478731] audit: initializing netlink socket (disabled)
Feb  1 23:38:36 SC-1 kernel: [   14.484128] type=2000 audit(1454366302.112:1): initialized
Feb  1 23:38:36 SC-1 kernel: [   14.512558] HugeTLB registered 2 MB page size, pre-allocated 0 pages
Feb  1 23:38:36 SC-1 kernel: [   14.519117] zbud: loaded
Feb  1 23:38:36 SC-1 kernel: [   14.521983] VFS: Disk quotas dquot_6.5.2
Feb  1 23:38:36 SC-1 kernel: [   14.525933] Dquot-cache hash table entries: 512 (order 0, 4096 bytes)
Feb  1 23:38:36 SC-1 kernel: [   14.532444] msgmni has been set to 32768
Feb  1 23:38:36 SC-1 kernel: [   14.536755] alg: No test for stdrng (krng)
Feb  1 23:38:36 SC-1 kernel: [   14.540846] Key type asymmetric registered
Feb  1 23:38:36 SC-1 kernel: [   14.544934] Asymmetric key parser 'x509' registered
Feb  1 23:38:36 SC-1 kernel: [   14.549832] Block layer SCSI generic (bsg) driver version 0.4 loaded (major 252)
Feb  1 23:38:36 SC-1 kernel: [   14.557269] io scheduler noop registered
Feb  1 23:38:36 SC-1 kernel: [   14.561181] io scheduler deadline registered
Feb  1 23:38:36 SC-1 kernel: [   14.565486] io scheduler cfq registered (default)
Feb  1 23:38:36 SC-1 kernel: [   14.570435] pcieport 0000:00:01.0: irq 65 for MSI/MSI-X
Feb  1 23:38:36 SC-1 kernel: [   14.570584] pcieport 0000:00:02.0: irq 66 for MSI/MSI-X
Feb  1 23:38:36 SC-1 kernel: [   14.570725] pcieport 0000:00:03.0: irq 67 for MSI/MSI-X
Feb  1 23:38:36 SC-1 kernel: [   14.570862] pcieport 0000:00:03.2: irq 68 for MSI/MSI-X
Feb  1 23:38:36 SC-1 kernel: [   14.570995] pcieport 0000:00:1c.0: irq 69 for MSI/MSI-X
Feb  1 23:38:36 SC-1 kernel: [   14.571127] pcieport 0000:00:1c.1: irq 70 for MSI/MSI-X
Feb  1 23:38:36 SC-1 kernel: [   14.571203] pcieport 0000:00:01.0: Signaling PME through PCIe PME interrupt
Feb  1 23:38:36 SC-1 kernel: [   14.578156] pci 0000:01:00.0: Signaling PME through PCIe PME interrupt
Feb  1 23:38:36 SC-1 kernel: [   14.584670] pci 0000:01:00.1: Signaling PME through PCIe PME interrupt
Feb  1 23:38:36 SC-1 kernel: [   14.591187] pcie_pme 0000:00:01.0:pcie01: service driver pcie_pme loaded
Feb  1 23:38:36 SC-1 kernel: [   14.591204] pcieport 0000:00:02.0: Signaling PME through PCIe PME interrupt
Feb  1 23:38:36 SC-1 kernel: [   14.598155] pci 0000:02:00.0: Signaling PME through PCIe PME interrupt
Feb  1 23:38:36 SC-1 kernel: [   14.604670] pci 0000:02:00.1: Signaling PME through PCIe PME interrupt
Feb  1 23:38:36 SC-1 kernel: [   14.611184] pci 0000:02:00.2: Signaling PME through PCIe PME interrupt
Feb  1 23:38:36 SC-1 kernel: [   14.617699] pci 0000:02:00.3: Signaling PME through PCIe PME interrupt
Feb  1 23:38:36 SC-1 kernel: [   14.624215] pci 0000:02:00.4: Signaling PME through PCIe PME interrupt
Feb  1 23:38:36 SC-1 kernel: [   14.630732] pcie_pme 0000:00:02.0:pcie01: service driver pcie_pme loaded
Feb  1 23:38:36 SC-1 kernel: [   14.630748] pcieport 0000:00:03.0: Signaling PME through PCIe PME interrupt
Feb  1 23:38:36 SC-1 kernel: [   14.637697] pci 0000:03:00.0: Signaling PME through PCIe PME interrupt
Feb  1 23:38:36 SC-1 kernel: [   14.644213] pcie_pme 0000:00:03.0:pcie01: service driver pcie_pme loaded
Feb  1 23:38:36 SC-1 kernel: [   14.644229] pcieport 0000:00:03.2: Signaling PME through PCIe PME interrupt
Feb  1 23:38:36 SC-1 kernel: [   14.651178] pcie_pme 0000:00:03.2:pcie01: service driver pcie_pme loaded
Feb  1 23:38:36 SC-1 kernel: [   14.651193] pcieport 0000:00:1c.0: Signaling PME through PCIe PME interrupt
Feb  1 23:38:36 SC-1 kernel: [   14.658143] pcie_pme 0000:00:1c.0:pcie01: service driver pcie_pme loaded
Feb  1 23:38:36 SC-1 kernel: [   14.658157] pcieport 0000:00:1c.1: Signaling PME through PCIe PME interrupt
Feb  1 23:38:36 SC-1 kernel: [   14.665106] pci 0000:06:00.0: Signaling PME through PCIe PME interrupt
Feb  1 23:38:36 SC-1 kernel: [   14.671624] pcie_pme 0000:00:1c.1:pcie01: service driver pcie_pme loaded
Feb  1 23:38:36 SC-1 kernel: [   14.671635] ioapic: probe of 0000:00:05.4 failed with error -22
Feb  1 23:38:36 SC-1 kernel: [   14.677550] pci_hotplug: PCI Hot Plug PCI Core version: 0.5
Feb  1 23:38:36 SC-1 kernel: [   14.683123] pciehp: PCI Express Hot Plug Controller Driver version: 0.4
Feb  1 23:38:36 SC-1 kernel: [   14.689756] intel_idle: MWAIT substates: 0x1120
Feb  1 23:38:36 SC-1 kernel: [   14.689757] intel_idle: v0.4 model 0x3E
Feb  1 23:38:36 SC-1 kernel: [   14.689758] intel_idle: lapic_timer_reliable_states 0xffffffff
Feb  1 23:38:36 SC-1 kernel: [   14.690148] ERST: Error Record Serialization Table (ERST) support is initialized.
Feb  1 23:38:36 SC-1 kernel: [   14.697623] pstore: Registered erst as persistent store backend
Feb  1 23:38:36 SC-1 kernel: [   14.703627] GHES: APEI firmware first mode is enabled by WHEA _OSC.
Feb  1 23:38:36 SC-1 kernel: [   14.709917] Serial: 8250/16550 driver, 32 ports, IRQ sharing disabled
Feb  1 23:38:36 SC-1 kernel: [   14.736745] 00:02: ttyS0 at I/O 0x3f8 (irq = 4, base_baud = 115200) is a 16550A
Feb  1 23:38:36 SC-1 kernel: [   14.764455] 00:03: ttyS1 at I/O 0x2f8 (irq = 3, base_baud = 115200) is a 16550A
Feb  1 23:38:36 SC-1 kernel: [   14.772791] Non-volatile memory driver v1.3
Feb  1 23:38:36 SC-1 kernel: [   14.776965] Linux agpgart interface v0.103
Feb  1 23:38:36 SC-1 kernel: [   14.781199] i8042: PNP: No PS/2 controller found. Probing ports directly.
Feb  1 23:38:36 SC-1 kernel: [   15.330289] tsc: Refined TSC clocksource calibration: 2399.999 MHz
Feb  1 23:38:36 SC-1 kernel: [   15.813946] i8042: No controller found
Feb  1 23:38:36 SC-1 kernel: [   15.817738] mousedev: PS/2 mouse device common for all mice
Feb  1 23:38:36 SC-1 kernel: [   15.823368] rtc_cmos 00:05: RTC can wake from S4
Feb  1 23:38:36 SC-1 kernel: [   15.828086] rtc_cmos 00:05: rtc core: registered rtc_cmos as rtc0
Feb  1 23:38:36 SC-1 kernel: [   15.834194] rtc_cmos 00:05: alarms up to one month, y3k, 114 bytes nvram, hpet irqs
Feb  1 23:38:36 SC-1 kernel: [   15.841848] Intel P-state driver initializing.
Feb  1 23:38:36 SC-1 kernel: [   15.846290] Intel pstate controlling: cpu 0
Feb  1 23:38:36 SC-1 kernel: [   15.850478] Intel pstate controlling: cpu 1
Feb  1 23:38:36 SC-1 kernel: [   15.854662] Intel pstate controlling: cpu 2
Feb  1 23:38:36 SC-1 kernel: [   15.858849] Intel pstate controlling: cpu 3
Feb  1 23:38:36 SC-1 kernel: [   15.863033] Intel pstate controlling: cpu 4
Feb  1 23:38:36 SC-1 kernel: [   15.867214] Intel pstate controlling: cpu 5
Feb  1 23:38:36 SC-1 kernel: [   15.871398] Intel pstate controlling: cpu 6
Feb  1 23:38:36 SC-1 kernel: [   15.875580] Intel pstate controlling: cpu 7
Feb  1 23:38:36 SC-1 kernel: [   15.879764] Intel pstate controlling: cpu 8
Feb  1 23:38:36 SC-1 kernel: [   15.883949] Intel pstate controlling: cpu 9
Feb  1 23:38:36 SC-1 kernel: [   15.888132] Intel pstate controlling: cpu 10
Feb  1 23:38:36 SC-1 kernel: [   15.892403] Intel pstate controlling: cpu 11
Feb  1 23:38:36 SC-1 kernel: [   15.896675] Intel pstate controlling: cpu 12
Feb  1 23:38:36 SC-1 kernel: [   15.900945] Intel pstate controlling: cpu 13
Feb  1 23:38:36 SC-1 kernel: [   15.905215] Intel pstate controlling: cpu 14
Feb  1 23:38:36 SC-1 kernel: [   15.909487] Intel pstate controlling: cpu 15
Feb  1 23:38:36 SC-1 kernel: [   15.913758] Intel pstate controlling: cpu 16
Feb  1 23:38:36 SC-1 kernel: [   15.918028] Intel pstate controlling: cpu 17
Feb  1 23:38:36 SC-1 kernel: [   15.922300] Intel pstate controlling: cpu 18
Feb  1 23:38:36 SC-1 kernel: [   15.926570] Intel pstate controlling: cpu 19
Feb  1 23:38:36 SC-1 kernel: [   15.930859] ledtrig-cpu: registered to indicate activity on CPUs
Feb  1 23:38:36 SC-1 kernel: [   15.936865] hidraw: raw HID events driver (C) Jiri Kosina
Feb  1 23:38:36 SC-1 kernel: [   15.942402] TCP: cubic registered
Feb  1 23:38:36 SC-1 kernel: [   15.945968] NET: Registered protocol family 10
Feb  1 23:38:36 SC-1 kernel: [   15.951174] Loading compiled-in X.509 certificates
Feb  1 23:38:36 SC-1 kernel: [   15.955984] Loaded X.509 cert 'SUSE Linux Enterprise Secure Boot Signkey: 3fb077b6cebc6ff2522e1c148c57c777c788e3e7'
Feb  1 23:38:36 SC-1 kernel: [   15.966421] Loaded X.509 cert 'SUSE Linux Enterprise Secure Boot Signkey: 3fb077b6cebc6ff2522e1c148c57c777c788e3e7'
Feb  1 23:38:36 SC-1 kernel: [   15.976849] registered taskstats version 1
Feb  1 23:38:36 SC-1 kernel: [   15.982512] Key type trusted registered
Feb  1 23:38:36 SC-1 kernel: [   15.989262] Key type encrypted registered
Feb  1 23:38:36 SC-1 kernel: [   15.993267] AppArmor: AppArmor sha1 policy hashing enabled
Feb  1 23:38:36 SC-1 kernel: [   15.998745] IMA: No TPM chip found, activating TPM-bypass!
Feb  1 23:38:36 SC-1 kernel: [   16.004648]   Magic number: 4:963:652
Feb  1 23:38:36 SC-1 kernel: [   16.008358] acpi LNXCPU:05: hash matches
Feb  1 23:38:36 SC-1 kernel: [   16.012374] PM: Hibernation image not present or could not be loaded.
Feb  1 23:38:36 SC-1 kernel: [   16.013766] Freeing unused kernel memory: 1932K (ffffffff81d39000 - ffffffff81f1c000)
Feb  1 23:38:36 SC-1 kernel: [   16.021586] Write protecting the kernel read-only data: 12288k
Feb  1 23:38:36 SC-1 kernel: [   16.027820] Freeing unused kernel memory: 868K (ffff880c7e527000 - ffff880c7e600000)
Feb  1 23:38:36 SC-1 kernel: [   16.039616] Freeing unused kernel memory: 2028K (ffff880c7ea05000 - ffff880c7ec00000)
Feb  1 23:38:36 SC-1 kernel: [   16.081289] input: Power Button as /devices/LNXSYSTM:00/device:00/PNP0C0C:00/input/input0
Feb  1 23:38:36 SC-1 kernel: [   16.089560] ACPI: Power Button [PWRB]
Feb  1 23:38:36 SC-1 kernel: [   16.089734] ACPI: Requesting acpi_cpufreq
Feb  1 23:38:36 SC-1 kernel: [   16.097335] input: Power Button as /devices/LNXSYSTM:00/LNXPWRBN:00/input/input1
Feb  1 23:38:36 SC-1 kernel: [   16.104797] ACPI: Power Button [PWRF]
Feb  1 23:38:36 SC-1 kernel: [   16.114294] shpchp: Standard Hot Plug PCI Controller Driver version: 0.4
Feb  1 23:38:36 SC-1 kernel: [   16.121435] input: PC Speaker as /devices/platform/pcspkr/input/input2
Feb  1 23:38:36 SC-1 kernel: [   16.128447] dca service started, version 1.12.1
Feb  1 23:38:36 SC-1 kernel: [   16.134551] pps_core: LinuxPPS API ver. 1 registered
Feb  1 23:38:36 SC-1 kernel: [   16.135518] i801_smbus 0000:00:1f.3: SMBus using PCI interrupt
Feb  1 23:38:36 SC-1 kernel: [   16.145331] pps_core: Software ver. 5.3.6 - Copyright 2005-2007 Rodolfo Giometti <giometti@linux.it>
Feb  1 23:38:36 SC-1 kernel: [   16.155868] PTP clock support registered
Feb  1 23:38:36 SC-1 kernel: [   16.162682] iTCO_vendor_support: vendor-support=0
Feb  1 23:38:36 SC-1 kernel: [   16.176523] iTCO_wdt: Intel TCO WatchDog Timer Driver v1.11
Feb  1 23:38:36 SC-1 kernel: [   16.182125] iTCO_wdt: Found a DH89xxCC TCO device (Version=2, TCOBASE=0x0460)
Feb  1 23:38:36 SC-1 kernel: [   16.189629] SCSI subsystem initialized
Feb  1 23:38:36 SC-1 kernel: [   16.193701] iTCO_wdt: initialized. heartbeat=30 sec (nowayout=0)
Feb  1 23:38:36 SC-1 kernel: [   16.200019] ACPI: bus type USB registered
Feb  1 23:38:36 SC-1 kernel: [   16.204055] usbcore: registered new interface driver usbfs
Feb  1 23:38:36 SC-1 kernel: [   16.209547] usbcore: registered new interface driver hub
Feb  1 23:38:36 SC-1 kernel: [   16.214893] usbcore: registered new device driver usb
Feb  1 23:38:36 SC-1 kernel: [   16.214938] e1000e: Intel(R) PRO/1000 Network Driver - 2.3.2-k
Feb  1 23:38:36 SC-1 kernel: [   16.214938] e1000e: Copyright(c) 1999 - 2013 Intel Corporation.
Feb  1 23:38:36 SC-1 kernel: [   16.215288] e1000e 0000:06:00.0: Interrupt Throttling Rate (ints/sec) set to dynamic conservative mode
Feb  1 23:38:36 SC-1 kernel: [   16.215323] e1000e 0000:06:00.0: irq 71 for MSI/MSI-X
Feb  1 23:38:36 SC-1 kernel: [   16.215332] e1000e 0000:06:00.0: irq 72 for MSI/MSI-X
Feb  1 23:38:36 SC-1 kernel: [   16.215341] e1000e 0000:06:00.0: irq 73 for MSI/MSI-X
Feb  1 23:38:36 SC-1 kernel: [   16.243511] ehci_hcd: USB 2.0 'Enhanced' Host Controller (EHCI) Driver
Feb  1 23:38:36 SC-1 kernel: [   16.243812] igb: Intel(R) Gigabit Ethernet Network Driver - version 5.0.5-k
Feb  1 23:38:36 SC-1 kernel: [   16.243813] igb: Copyright (c) 2007-2013 Intel Corporation.
Feb  1 23:38:36 SC-1 kernel: [   16.244166] igb 0000:02:00.1: irq 74 for MSI/MSI-X
Feb  1 23:38:36 SC-1 kernel: [   16.244175] igb 0000:02:00.1: irq 75 for MSI/MSI-X
Feb  1 23:38:36 SC-1 kernel: [   16.244183] igb 0000:02:00.1: irq 76 for MSI/MSI-X
Feb  1 23:38:36 SC-1 kernel: [   16.244192] igb 0000:02:00.1: irq 77 for MSI/MSI-X
Feb  1 23:38:36 SC-1 kernel: [   16.244200] igb 0000:02:00.1: irq 78 for MSI/MSI-X
Feb  1 23:38:36 SC-1 kernel: [   16.244208] igb 0000:02:00.1: irq 79 for MSI/MSI-X
Feb  1 23:38:36 SC-1 kernel: [   16.244216] igb 0000:02:00.1: irq 80 for MSI/MSI-X
Feb  1 23:38:36 SC-1 kernel: [   16.244224] igb 0000:02:00.1: irq 81 for MSI/MSI-X
Feb  1 23:38:36 SC-1 kernel: [   16.244232] igb 0000:02:00.1: irq 82 for MSI/MSI-X
Feb  1 23:38:36 SC-1 kernel: [   16.263392] ixgbe: Intel(R) 10 Gigabit PCI Express Network Driver - version 3.19.1-k
Feb  1 23:38:36 SC-1 kernel: [   16.271130] ixgbe: Copyright (c) 1999-2013 Intel Corporation.
Feb  1 23:38:36 SC-1 kernel: [   16.294372] libata version 3.00 loaded.
Feb  1 23:38:36 SC-1 kernel: [   16.297717] ehci-pci: EHCI PCI platform driver
Feb  1 23:38:36 SC-1 kernel: [   16.302258] alg: No test for crc32 (crc32-pclmul)
Feb  1 23:38:36 SC-1 kernel: [   16.302317] ehci-pci 0000:00:1d.0: EHCI Host Controller
Feb  1 23:38:36 SC-1 kernel: [   16.302331] ehci-pci 0000:00:1d.0: new USB bus registered, assigned bus number 1
Feb  1 23:38:36 SC-1 kernel: [   16.302351] ehci-pci 0000:00:1d.0: debug port 2
Feb  1 23:38:36 SC-1 kernel: [   16.306356] ehci-pci 0000:00:1d.0: cache line size of 64 is not supported
Feb  1 23:38:36 SC-1 kernel: [   16.306398] ehci-pci 0000:00:1d.0: irq 23, io mem 0xfbf05000
Feb  1 23:38:36 SC-1 kernel: [   16.315144] ehci-pci 0000:00:1d.0: USB 2.0 started, EHCI 1.00
Feb  1 23:38:36 SC-1 kernel: [   16.315256] usb usb1: New USB device found, idVendor=1d6b, idProduct=0002
Feb  1 23:38:36 SC-1 kernel: [   16.315258] usb usb1: New USB device strings: Mfr=3, Product=2, SerialNumber=1
Feb  1 23:38:36 SC-1 kernel: [   16.315259] usb usb1: Product: EHCI Host Controller
Feb  1 23:38:36 SC-1 kernel: [   16.315260] usb usb1: Manufacturer: Linux 3.12.51-52.34-default ehci_hcd
Feb  1 23:38:36 SC-1 kernel: [   16.315261] usb usb1: SerialNumber: 0000:00:1d.0
Feb  1 23:38:36 SC-1 kernel: [   16.315387] hub 1-0:1.0: USB hub found
Feb  1 23:38:36 SC-1 kernel: [   16.315401] hub 1-0:1.0: 2 ports detected
Feb  1 23:38:36 SC-1 kernel: [   16.371722] ixgbe 0000:01:00.0: irq 83 for MSI/MSI-X
Feb  1 23:38:36 SC-1 kernel: [   16.371729] ixgbe 0000:01:00.0: irq 84 for MSI/MSI-X
Feb  1 23:38:36 SC-1 kernel: [   16.371735] ixgbe 0000:01:00.0: irq 85 for MSI/MSI-X
Feb  1 23:38:36 SC-1 kernel: [   16.371740] ixgbe 0000:01:00.0: irq 86 for MSI/MSI-X
Feb  1 23:38:36 SC-1 kernel: [   16.371746] ixgbe 0000:01:00.0: irq 87 for MSI/MSI-X
Feb  1 23:38:36 SC-1 kernel: [   16.371751] ixgbe 0000:01:00.0: irq 88 for MSI/MSI-X
Feb  1 23:38:36 SC-1 kernel: [   16.371757] ixgbe 0000:01:00.0: irq 89 for MSI/MSI-X
Feb  1 23:38:36 SC-1 kernel: [   16.371762] ixgbe 0000:01:00.0: irq 90 for MSI/MSI-X
Feb  1 23:38:36 SC-1 kernel: [   16.371768] ixgbe 0000:01:00.0: irq 91 for MSI/MSI-X
Feb  1 23:38:36 SC-1 kernel: [   16.371773] ixgbe 0000:01:00.0: irq 92 for MSI/MSI-X
Feb  1 23:38:36 SC-1 kernel: [   16.371779] ixgbe 0000:01:00.0: irq 93 for MSI/MSI-X
Feb  1 23:38:36 SC-1 kernel: [   16.371784] ixgbe 0000:01:00.0: irq 94 for MSI/MSI-X
Feb  1 23:38:36 SC-1 kernel: [   16.371790] ixgbe 0000:01:00.0: irq 95 for MSI/MSI-X
Feb  1 23:38:36 SC-1 kernel: [   16.371796] ixgbe 0000:01:00.0: irq 96 for MSI/MSI-X
Feb  1 23:38:36 SC-1 kernel: [   16.371801] ixgbe 0000:01:00.0: irq 97 for MSI/MSI-X
Feb  1 23:38:36 SC-1 kernel: [   16.371807] ixgbe 0000:01:00.0: irq 98 for MSI/MSI-X
Feb  1 23:38:36 SC-1 kernel: [   16.371813] ixgbe 0000:01:00.0: irq 99 for MSI/MSI-X
Feb  1 23:38:36 SC-1 kernel: [   16.371819] ixgbe 0000:01:00.0: irq 100 for MSI/MSI-X
Feb  1 23:38:36 SC-1 kernel: [   16.371825] ixgbe 0000:01:00.0: irq 101 for MSI/MSI-X
Feb  1 23:38:36 SC-1 kernel: [   16.371830] ixgbe 0000:01:00.0: irq 102 for MSI/MSI-X
Feb  1 23:38:36 SC-1 kernel: [   16.371835] ixgbe 0000:01:00.0: irq 103 for MSI/MSI-X
Feb  1 23:38:36 SC-1 kernel: [   16.371879] ixgbe 0000:01:00.0: Multiqueue Enabled: Rx Queue count = 20, Tx Queue count = 20
Feb  1 23:38:36 SC-1 kernel: [   16.372004] ixgbe 0000:01:00.0: PCI Express bandwidth of 32GT/s available
Feb  1 23:38:36 SC-1 kernel: [   16.372005] ixgbe 0000:01:00.0: (Speed:5.0GT/s, Width: x8, Encoding Loss:20%)
Feb  1 23:38:36 SC-1 kernel: [   16.372086] ixgbe 0000:01:00.0: MAC: 2, PHY: 1, PBA No: FFFFFF-0FF
Feb  1 23:38:36 SC-1 kernel: [   16.372087] ixgbe 0000:01:00.0: 00:13:5e:ea:29:4c
Feb  1 23:38:36 SC-1 kernel: [   16.411250] Switched to clocksource tsc
Feb  1 23:38:36 SC-1 kernel: [   16.421116] ahci 0000:00:1f.2: version 3.0
Feb  1 23:38:36 SC-1 kernel: [   16.421269] ahci 0000:00:1f.2: irq 104 for MSI/MSI-X
Feb  1 23:38:36 SC-1 kernel: [   16.421318] ahci 0000:00:1f.2: AHCI 0001.0300 32 slots 4 ports 3 Gbps 0x10 impl SATA mode
Feb  1 23:38:36 SC-1 kernel: [   16.429491] ahci 0000:00:1f.2: flags: 64bit ncq sntf ilck pm led clo pmp pio slum part ems apst 
Feb  1 23:38:36 SC-1 kernel: [   16.439296] scsi0 : ahci
Feb  1 23:38:36 SC-1 kernel: [   16.441950] scsi1 : ahci
Feb  1 23:38:36 SC-1 kernel: [   16.444711] scsi2 : ahci
Feb  1 23:38:36 SC-1 kernel: [   16.447348] scsi3 : ahci
Feb  1 23:38:36 SC-1 kernel: [   16.447409] mpt2sas version 18.100.00.00 loaded
Feb  1 23:38:36 SC-1 kernel: [   16.447523] scsi4 : Fusion MPT SAS Host
Feb  1 23:38:36 SC-1 kernel: [   16.447799] mpt2sas0: 64 BIT PCI BUS DMA ADDRESSING SUPPORTED, total mem (49542772 kB)
Feb  1 23:38:36 SC-1 kernel: [   16.466246] scsi5 : ahci
Feb  1 23:38:36 SC-1 kernel: [   16.468804] ata1: DUMMY
Feb  1 23:38:36 SC-1 kernel: [   16.471245] ata2: DUMMY
Feb  1 23:38:36 SC-1 kernel: [   16.473680] ata3: DUMMY
Feb  1 23:38:36 SC-1 kernel: [   16.476128] ata4: DUMMY
Feb  1 23:38:36 SC-1 kernel: [   16.478565] ata5: SATA max UDMA/133 abar m2048@0xfbf04000 port 0xfbf04300 irq 104
Feb  1 23:38:36 SC-1 kernel: [   16.581539] igb 0000:02:00.1: irq 74 for MSI/MSI-X
Feb  1 23:38:36 SC-1 kernel: [   16.581547] igb 0000:02:00.1: irq 75 for MSI/MSI-X
Feb  1 23:38:36 SC-1 kernel: [   16.581552] igb 0000:02:00.1: irq 76 for MSI/MSI-X
Feb  1 23:38:36 SC-1 kernel: [   16.581557] igb 0000:02:00.1: irq 77 for MSI/MSI-X
Feb  1 23:38:36 SC-1 kernel: [   16.581563] igb 0000:02:00.1: irq 78 for MSI/MSI-X
Feb  1 23:38:36 SC-1 kernel: [   16.581569] igb 0000:02:00.1: irq 79 for MSI/MSI-X
Feb  1 23:38:36 SC-1 kernel: [   16.581574] igb 0000:02:00.1: irq 80 for MSI/MSI-X
Feb  1 23:38:36 SC-1 kernel: [   16.581579] igb 0000:02:00.1: irq 81 for MSI/MSI-X
Feb  1 23:38:36 SC-1 kernel: [   16.581585] igb 0000:02:00.1: irq 82 for MSI/MSI-X
Feb  1 23:38:36 SC-1 kernel: [   16.581814] e1000e 0000:06:00.0 eth0: registered PHC clock
Feb  1 23:38:36 SC-1 kernel: [   16.582354] ixgbe 0000:01:00.0: Intel(R) 10 Gigabit Network Connection
Feb  1 23:38:36 SC-1 kernel: [   16.593803] e1000e 0000:06:00.0 eth0: (PCI Express:2.5GT/s:Width x1) 00:13:5e:ea:29:4a
Feb  1 23:38:36 SC-1 kernel: [   16.601728] e1000e 0000:06:00.0 eth0: Intel(R) PRO/1000 Network Connection
Feb  1 23:38:36 SC-1 kernel: [   16.608669] e1000e 0000:06:00.0 eth0: MAC: 3, PHY: 8, PBA No: FFFFFF-0FF
Feb  1 23:38:36 SC-1 kernel: [   16.635302] usb 1-1: new high-speed USB device number 2 using ehci-pci
Feb  1 23:38:36 SC-1 kernel: [   16.675479] ixgbe 0000:01:00.1: irq 105 for MSI/MSI-X
Feb  1 23:38:36 SC-1 kernel: [   16.675486] ixgbe 0000:01:00.1: irq 106 for MSI/MSI-X
Feb  1 23:38:36 SC-1 kernel: [   16.675493] ixgbe 0000:01:00.1: irq 107 for MSI/MSI-X
Feb  1 23:38:36 SC-1 kernel: [   16.675499] ixgbe 0000:01:00.1: irq 108 for MSI/MSI-X
Feb  1 23:38:36 SC-1 kernel: [   16.675504] ixgbe 0000:01:00.1: irq 109 for MSI/MSI-X
Feb  1 23:38:36 SC-1 kernel: [   16.675510] ixgbe 0000:01:00.1: irq 110 for MSI/MSI-X
Feb  1 23:38:36 SC-1 kernel: [   16.675516] ixgbe 0000:01:00.1: irq 111 for MSI/MSI-X
Feb  1 23:38:36 SC-1 kernel: [   16.675521] ixgbe 0000:01:00.1: irq 112 for MSI/MSI-X
Feb  1 23:38:36 SC-1 kernel: [   16.675527] ixgbe 0000:01:00.1: irq 113 for MSI/MSI-X
Feb  1 23:38:36 SC-1 kernel: [   16.675532] ixgbe 0000:01:00.1: irq 114 for MSI/MSI-X
Feb  1 23:38:36 SC-1 kernel: [   16.675538] ixgbe 0000:01:00.1: irq 115 for MSI/MSI-X
Feb  1 23:38:36 SC-1 kernel: [   16.675543] ixgbe 0000:01:00.1: irq 116 for MSI/MSI-X
Feb  1 23:38:36 SC-1 kernel: [   16.675549] ixgbe 0000:01:00.1: irq 117 for MSI/MSI-X
Feb  1 23:38:36 SC-1 kernel: [   16.675554] ixgbe 0000:01:00.1: irq 118 for MSI/MSI-X
Feb  1 23:38:36 SC-1 kernel: [   16.675560] ixgbe 0000:01:00.1: irq 119 for MSI/MSI-X
Feb  1 23:38:36 SC-1 kernel: [   16.675566] ixgbe 0000:01:00.1: irq 120 for MSI/MSI-X
Feb  1 23:38:36 SC-1 kernel: [   16.675571] ixgbe 0000:01:00.1: irq 121 for MSI/MSI-X
Feb  1 23:38:36 SC-1 kernel: [   16.675576] ixgbe 0000:01:00.1: irq 122 for MSI/MSI-X
Feb  1 23:38:36 SC-1 kernel: [   16.675582] ixgbe 0000:01:00.1: irq 123 for MSI/MSI-X
Feb  1 23:38:36 SC-1 kernel: [   16.675588] ixgbe 0000:01:00.1: irq 124 for MSI/MSI-X
Feb  1 23:38:36 SC-1 kernel: [   16.675593] ixgbe 0000:01:00.1: irq 125 for MSI/MSI-X
Feb  1 23:38:36 SC-1 kernel: [   16.675648] ixgbe 0000:01:00.1: Multiqueue Enabled: Rx Queue count = 20, Tx Queue count = 20
Feb  1 23:38:36 SC-1 kernel: [   16.684198] ixgbe 0000:01:00.1: PCI Express bandwidth of 32GT/s available
Feb  1 23:38:36 SC-1 kernel: [   16.690972] ixgbe 0000:01:00.1: (Speed:5.0GT/s, Width: x8, Encoding Loss:20%)
Feb  1 23:38:36 SC-1 kernel: [   16.698191] ixgbe 0000:01:00.1: MAC: 2, PHY: 1, PBA No: FFFFFF-0FF
Feb  1 23:38:36 SC-1 kernel: [   16.704377] ixgbe 0000:01:00.1: 00:13:5e:ea:29:4d
Feb  1 23:38:36 SC-1 kernel: [   16.742393] ixgbe 0000:01:00.1: Intel(R) 10 Gigabit Network Connection
Feb  1 23:38:36 SC-1 kernel: [   16.743402] mpt2sas0: MSI-X vectors supported: 8, no of cores: 20, max_msix_vectors: 8
Feb  1 23:38:36 SC-1 kernel: [   16.743427] mpt2sas 0000:03:00.0: irq 126 for MSI/MSI-X
Feb  1 23:38:36 SC-1 kernel: [   16.743433] mpt2sas 0000:03:00.0: irq 127 for MSI/MSI-X
Feb  1 23:38:36 SC-1 kernel: [   16.743439] mpt2sas 0000:03:00.0: irq 128 for MSI/MSI-X
Feb  1 23:38:36 SC-1 kernel: [   16.743445] mpt2sas 0000:03:00.0: irq 129 for MSI/MSI-X
Feb  1 23:38:36 SC-1 kernel: [   16.743450] mpt2sas 0000:03:00.0: irq 130 for MSI/MSI-X
Feb  1 23:38:36 SC-1 kernel: [   16.743455] mpt2sas 0000:03:00.0: irq 131 for MSI/MSI-X
Feb  1 23:38:36 SC-1 kernel: [   16.743460] mpt2sas 0000:03:00.0: irq 132 for MSI/MSI-X
Feb  1 23:38:36 SC-1 kernel: [   16.743466] mpt2sas 0000:03:00.0: irq 133 for MSI/MSI-X
Feb  1 23:38:36 SC-1 kernel: [   16.743542] mpt2sas0-msix0: PCI-MSI-X enabled: IRQ 126
Feb  1 23:38:36 SC-1 kernel: [   16.743543] mpt2sas0-msix1: PCI-MSI-X enabled: IRQ 127
Feb  1 23:38:36 SC-1 kernel: [   16.743543] mpt2sas0-msix2: PCI-MSI-X enabled: IRQ 128
Feb  1 23:38:36 SC-1 kernel: [   16.743544] mpt2sas0-msix3: PCI-MSI-X enabled: IRQ 129
Feb  1 23:38:36 SC-1 kernel: [   16.743544] mpt2sas0-msix4: PCI-MSI-X enabled: IRQ 130
Feb  1 23:38:36 SC-1 kernel: [   16.743545] mpt2sas0-msix5: PCI-MSI-X enabled: IRQ 131
Feb  1 23:38:36 SC-1 kernel: [   16.743545] mpt2sas0-msix6: PCI-MSI-X enabled: IRQ 132
Feb  1 23:38:36 SC-1 kernel: [   16.743545] mpt2sas0-msix7: PCI-MSI-X enabled: IRQ 133
Feb  1 23:38:36 SC-1 kernel: [   16.743547] mpt2sas0: iomem(0x00000000fbb40000), mapped(0xffffc90006160000), size(65536)
Feb  1 23:38:36 SC-1 kernel: [   16.743547] mpt2sas0: ioport(0x000000000000c000), size(256)
Feb  1 23:38:36 SC-1 kernel: [   16.775805] usb 1-1: New USB device found, idVendor=8087, idProduct=0020
Feb  1 23:38:36 SC-1 kernel: [   16.775807] usb 1-1: New USB device strings: Mfr=0, Product=0, SerialNumber=0
Feb  1 23:38:36 SC-1 kernel: [   16.775948] hub 1-1:1.0: USB hub found
Feb  1 23:38:36 SC-1 kernel: [   16.776053] hub 1-1:1.0: 6 ports detected
Feb  1 23:38:36 SC-1 kernel: [   16.934238] igb 0000:02:00.1: added PHC on eth3
Feb  1 23:38:36 SC-1 kernel: [   16.938777] igb 0000:02:00.1: Intel(R) Gigabit Ethernet Network Connection
Feb  1 23:38:36 SC-1 kernel: [   16.945647] igb 0000:02:00.1: eth3: (PCIe:5.0Gb/s:unknown) 00:13:5e:ea:29:48
Feb  1 23:38:36 SC-1 kernel: [   16.952686] igb 0000:02:00.1: eth3: PBA No: Unknown
Feb  1 23:38:36 SC-1 kernel: [   16.957556] igb 0000:02:00.1: Using MSI-X interrupts. 8 rx queue(s), 8 tx queue(s)
Feb  1 23:38:36 SC-1 kernel: [   16.965503] igb 0000:02:00.2: irq 134 for MSI/MSI-X
Feb  1 23:38:36 SC-1 kernel: [   16.965514] igb 0000:02:00.2: irq 135 for MSI/MSI-X
Feb  1 23:38:36 SC-1 kernel: [   16.965523] igb 0000:02:00.2: irq 136 for MSI/MSI-X
Feb  1 23:38:36 SC-1 kernel: [   16.965532] igb 0000:02:00.2: irq 137 for MSI/MSI-X
Feb  1 23:38:36 SC-1 kernel: [   16.965542] igb 0000:02:00.2: irq 138 for MSI/MSI-X
Feb  1 23:38:36 SC-1 kernel: [   16.965551] igb 0000:02:00.2: irq 139 for MSI/MSI-X
Feb  1 23:38:36 SC-1 kernel: [   16.965560] igb 0000:02:00.2: irq 140 for MSI/MSI-X
Feb  1 23:38:36 SC-1 kernel: [   16.965569] igb 0000:02:00.2: irq 141 for MSI/MSI-X
Feb  1 23:38:36 SC-1 kernel: [   16.965578] igb 0000:02:00.2: irq 142 for MSI/MSI-X
Feb  1 23:38:36 SC-1 kernel: [   16.979645] ata5: SATA link up 3.0 Gbps (SStatus 123 SControl 300)
Feb  1 23:38:36 SC-1 kernel: [   16.987154] ata5.00: ATA-8: WDC SSD-S0008S-7150, 2.1MP, max UDMA/133
Feb  1 23:38:36 SC-1 kernel: [   16.993503] ata5.00: 15625008 sectors, multi 1: LBA48 
Feb  1 23:38:36 SC-1 kernel: [   17.036078] ata5.00: configured for UDMA/133
Feb  1 23:38:36 SC-1 kernel: [   17.040633] scsi 5:0:0:0: Direct-Access     ATA      WDC SSD-S0008S-7 2.1M PQ: 0 ANSI: 5
Feb  1 23:38:36 SC-1 kernel: [   17.051989] sd 5:0:0:0: [sda] 15625008 512-byte logical blocks: (8.00 GB/7.45 GiB)
Feb  1 23:38:36 SC-1 kernel: [   17.059687] sd 5:0:0:0: [sda] Write Protect is off
Feb  1 23:38:36 SC-1 kernel: [   17.064469] sd 5:0:0:0: [sda] Mode Sense: 00 3a 00 00
Feb  1 23:38:36 SC-1 kernel: [   17.064528] sd 5:0:0:0: [sda] Write cache: disabled, read cache: enabled, doesn't support DPO or FUA
Feb  1 23:38:36 SC-1 kernel: [   17.074294]  sda: unknown partition table
Feb  1 23:38:36 SC-1 kernel: [   17.078671] sd 5:0:0:0: [sda] Attached SCSI disk
Feb  1 23:38:36 SC-1 kernel: [   17.204987] mpt2sas0: Allocated physical memory: size(17329 kB)
Feb  1 23:38:36 SC-1 kernel: [   17.210898] mpt2sas0: Current Controller Queue Depth(9979), Max Controller Queue Depth(10240)
Feb  1 23:38:36 SC-1 kernel: [   17.219405] mpt2sas0: Scatter Gather Elements per IO(128)
Feb  1 23:38:36 SC-1 kernel: [   17.294100] igb 0000:02:00.2: irq 134 for MSI/MSI-X
Feb  1 23:38:36 SC-1 kernel: [   17.294107] igb 0000:02:00.2: irq 135 for MSI/MSI-X
Feb  1 23:38:36 SC-1 kernel: [   17.294113] igb 0000:02:00.2: irq 136 for MSI/MSI-X
Feb  1 23:38:36 SC-1 kernel: [   17.294119] igb 0000:02:00.2: irq 137 for MSI/MSI-X
Feb  1 23:38:36 SC-1 kernel: [   17.294124] igb 0000:02:00.2: irq 138 for MSI/MSI-X
Feb  1 23:38:36 SC-1 kernel: [   17.294129] igb 0000:02:00.2: irq 139 for MSI/MSI-X
Feb  1 23:38:36 SC-1 kernel: [   17.294135] igb 0000:02:00.2: irq 140 for MSI/MSI-X
Feb  1 23:38:36 SC-1 kernel: [   17.294140] igb 0000:02:00.2: irq 141 for MSI/MSI-X
Feb  1 23:38:36 SC-1 kernel: [   17.294147] igb 0000:02:00.2: irq 142 for MSI/MSI-X
Feb  1 23:38:36 SC-1 kernel: [   17.456265] mpt2sas0: LSISAS2308: FWVersion(14.00.00.00), ChipRevision(0x05), BiosVersion(07.27.00.00)
Feb  1 23:38:36 SC-1 kernel: [   17.465560] mpt2sas0: Protocol=(Initiator,Target), Capabilities=(TLR,EEDP,Snapshot Buffer,Diag Trace Buffer,Task Set Full,NCQ)
Feb  1 23:38:36 SC-1 kernel: [   17.477015] mpt2sas0: sending port enable !!
Feb  1 23:38:36 SC-1 kernel: [   17.483247] mpt2sas0: host_add: handle(0x0001), sas_addr(0x50062b0000ea2947), phys(8)
Feb  1 23:38:36 SC-1 kernel: [   17.495969] mpt2sas0: port enable: SUCCESS
Feb  1 23:38:36 SC-1 kernel: [   17.500532] scsi 4:0:0:0: Direct-Access     ATA      INTEL SSDSC1NA40 0250 PQ: 0 ANSI: 6
Feb  1 23:38:36 SC-1 kernel: [   17.508611] scsi 4:0:0:0: SATA: handle(0x0009), sas_addr(0x4433221100000000), phy(0), device_name(0x50015178f3610b76)
Feb  1 23:38:36 SC-1 kernel: [   17.519198] scsi 4:0:0:0: SATA: enclosure_logical_id(0x50062b0000ea2947), slot(0)
Feb  1 23:38:36 SC-1 kernel: [   17.526733] scsi 4:0:0:0: atapi(n), ncq(y), asyn_notify(n), smart(y), fua(y), sw_preserve(y)
Feb  1 23:38:36 SC-1 kernel: [   17.535155] scsi 4:0:0:0: qdepth(32), tagged(1), simple(0), ordered(0), scsi_level(7), cmd_que(1)
Feb  1 23:38:36 SC-1 kernel: [   17.544660] sd 4:0:0:0: [sdb] 781422768 512-byte logical blocks: (400 GB/372 GiB)
Feb  1 23:38:36 SC-1 kernel: [   17.553104] sd 4:0:0:0: [sdb] Write Protect is off
Feb  1 23:38:36 SC-1 kernel: [   17.557883] sd 4:0:0:0: [sdb] Mode Sense: 7f 00 10 08
Feb  1 23:38:36 SC-1 kernel: [   17.558128] sd 4:0:0:0: [sdb] Write cache: disabled, read cache: enabled, supports DPO and FUA
Feb  1 23:38:36 SC-1 kernel: [   17.569830]  sdb: sdb1 sdb2 sdb3 sdb4 sdb5 sdb6
Feb  1 23:38:36 SC-1 kernel: [   17.576155] sd 4:0:0:0: [sdb] Attached SCSI disk
Feb  1 23:38:36 SC-1 kernel: [   17.615881] device-mapper: uevent: version 1.0.3
Feb  1 23:38:36 SC-1 kernel: [   17.620541] device-mapper: ioctl: 4.26.0-ioctl (2013-08-15) initialised: dm-devel@redhat.com
Feb  1 23:38:36 SC-1 kernel: [   17.646530] igb 0000:02:00.2: added PHC on eth4
Feb  1 23:38:36 SC-1 kernel: [   17.651051] igb 0000:02:00.2: Intel(R) Gigabit Ethernet Network Connection
Feb  1 23:38:36 SC-1 kernel: [   17.657914] igb 0000:02:00.2: eth4: (PCIe:5.0Gb/s:unknown) 00:13:5e:ea:29:49
Feb  1 23:38:36 SC-1 kernel: [   17.664948] igb 0000:02:00.2: eth4: PBA No: Unknown
Feb  1 23:38:36 SC-1 kernel: [   17.669811] igb 0000:02:00.2: Using MSI-X interrupts. 8 rx queue(s), 8 tx queue(s)
Feb  1 23:38:36 SC-1 kernel: [   17.677696] igb 0000:02:00.3: irq 143 for MSI/MSI-X
Feb  1 23:38:36 SC-1 kernel: [   17.677703] igb 0000:02:00.3: irq 144 for MSI/MSI-X
Feb  1 23:38:36 SC-1 kernel: [   17.677710] igb 0000:02:00.3: irq 145 for MSI/MSI-X
Feb  1 23:38:36 SC-1 kernel: [   17.677715] igb 0000:02:00.3: irq 146 for MSI/MSI-X
Feb  1 23:38:36 SC-1 kernel: [   17.677721] igb 0000:02:00.3: irq 147 for MSI/MSI-X
Feb  1 23:38:36 SC-1 kernel: [   17.677727] igb 0000:02:00.3: irq 148 for MSI/MSI-X
Feb  1 23:38:36 SC-1 kernel: [   17.677733] igb 0000:02:00.3: irq 149 for MSI/MSI-X
Feb  1 23:38:36 SC-1 kernel: [   17.677739] igb 0000:02:00.3: irq 150 for MSI/MSI-X
Feb  1 23:38:36 SC-1 kernel: [   17.677745] igb 0000:02:00.3: irq 151 for MSI/MSI-X
Feb  1 23:38:36 SC-1 kernel: [   18.012515] igb 0000:02:00.3: irq 143 for MSI/MSI-X
Feb  1 23:38:36 SC-1 kernel: [   18.012521] igb 0000:02:00.3: irq 144 for MSI/MSI-X
Feb  1 23:38:36 SC-1 kernel: [   18.012526] igb 0000:02:00.3: irq 145 for MSI/MSI-X
Feb  1 23:38:36 SC-1 kernel: [   18.012531] igb 0000:02:00.3: irq 146 for MSI/MSI-X
Feb  1 23:38:36 SC-1 kernel: [   18.012536] igb 0000:02:00.3: irq 147 for MSI/MSI-X
Feb  1 23:38:36 SC-1 kernel: [   18.012542] igb 0000:02:00.3: irq 148 for MSI/MSI-X
Feb  1 23:38:36 SC-1 kernel: [   18.012547] igb 0000:02:00.3: irq 149 for MSI/MSI-X
Feb  1 23:38:36 SC-1 kernel: [   18.012552] igb 0000:02:00.3: irq 150 for MSI/MSI-X
Feb  1 23:38:36 SC-1 kernel: [   18.012557] igb 0000:02:00.3: irq 151 for MSI/MSI-X
Feb  1 23:38:36 SC-1 kernel: [   18.372962] igb 0000:02:00.3: added PHC on eth5
Feb  1 23:38:36 SC-1 kernel: [   18.377490] igb 0000:02:00.3: Intel(R) Gigabit Ethernet Network Connection
Feb  1 23:38:36 SC-1 kernel: [   18.384350] igb 0000:02:00.3: eth5: (PCIe:5.0Gb/s:unknown) 00:13:5e:ea:29:4f
Feb  1 23:38:36 SC-1 kernel: [   18.391385] igb 0000:02:00.3: eth5: PBA No: Unknown
Feb  1 23:38:36 SC-1 kernel: [   18.396248] igb 0000:02:00.3: Using MSI-X interrupts. 8 rx queue(s), 8 tx queue(s)
Feb  1 23:38:36 SC-1 kernel: [   18.404082] igb 0000:02:00.4: irq 152 for MSI/MSI-X
Feb  1 23:38:36 SC-1 kernel: [   18.404088] igb 0000:02:00.4: irq 153 for MSI/MSI-X
Feb  1 23:38:36 SC-1 kernel: [   18.404094] igb 0000:02:00.4: irq 154 for MSI/MSI-X
Feb  1 23:38:36 SC-1 kernel: [   18.404099] igb 0000:02:00.4: irq 155 for MSI/MSI-X
Feb  1 23:38:36 SC-1 kernel: [   18.404105] igb 0000:02:00.4: irq 156 for MSI/MSI-X
Feb  1 23:38:36 SC-1 kernel: [   18.404111] igb 0000:02:00.4: irq 157 for MSI/MSI-X
Feb  1 23:38:36 SC-1 kernel: [   18.404117] igb 0000:02:00.4: irq 158 for MSI/MSI-X
Feb  1 23:38:36 SC-1 kernel: [   18.404123] igb 0000:02:00.4: irq 159 for MSI/MSI-X
Feb  1 23:38:36 SC-1 kernel: [   18.404129] igb 0000:02:00.4: irq 160 for MSI/MSI-X
Feb  1 23:38:36 SC-1 kernel: [   18.737078] igb 0000:02:00.4: irq 152 for MSI/MSI-X
Feb  1 23:38:36 SC-1 kernel: [   18.737083] igb 0000:02:00.4: irq 153 for MSI/MSI-X
Feb  1 23:38:36 SC-1 kernel: [   18.737088] igb 0000:02:00.4: irq 154 for MSI/MSI-X
Feb  1 23:38:36 SC-1 kernel: [   18.737093] igb 0000:02:00.4: irq 155 for MSI/MSI-X
Feb  1 23:38:36 SC-1 kernel: [   18.737099] igb 0000:02:00.4: irq 156 for MSI/MSI-X
Feb  1 23:38:36 SC-1 kernel: [   18.737104] igb 0000:02:00.4: irq 157 for MSI/MSI-X
Feb  1 23:38:36 SC-1 kernel: [   18.737109] igb 0000:02:00.4: irq 158 for MSI/MSI-X
Feb  1 23:38:36 SC-1 kernel: [   18.737114] igb 0000:02:00.4: irq 159 for MSI/MSI-X
Feb  1 23:38:36 SC-1 kernel: [   18.737118] igb 0000:02:00.4: irq 160 for MSI/MSI-X
Feb  1 23:38:36 SC-1 kernel: [   19.097523] igb 0000:02:00.4: added PHC on eth6
Feb  1 23:38:36 SC-1 kernel: [   19.102050] igb 0000:02:00.4: Intel(R) Gigabit Ethernet Network Connection
Feb  1 23:38:36 SC-1 kernel: [   19.108910] igb 0000:02:00.4: eth6: (PCIe:5.0Gb/s:unknown) 00:13:5e:ea:29:50
Feb  1 23:38:36 SC-1 kernel: [   19.115948] igb 0000:02:00.4: eth6: PBA No: Unknown
Feb  1 23:38:36 SC-1 kernel: [   19.120815] igb 0000:02:00.4: Using MSI-X interrupts. 8 rx queue(s), 8 tx queue(s)
Feb  1 23:38:36 SC-1 kernel: [   19.271979] EXT4-fs (sdb1): mounting ext3 file system using the ext4 subsystem
Feb  1 23:38:36 SC-1 kernel: [   19.280299] EXT4-fs (sdb1): mounted filesystem with ordered data mode. Opts: (null)
Feb  1 23:38:36 SC-1 kernel: [   20.221392] RPC: Registered named UNIX socket transport module.
Feb  1 23:38:36 SC-1 kernel: [   20.227303] RPC: Registered udp transport module.
Feb  1 23:38:36 SC-1 kernel: [   20.231997] RPC: Registered tcp transport module.
Feb  1 23:38:36 SC-1 kernel: [   20.236691] RPC: Registered tcp NFSv4.1 backchannel transport module.
Feb  1 23:38:36 SC-1 kernel: [   20.251351] Installing knfsd (copyright (C) 1996 okir@monad.swb.de).
Feb  1 23:38:36 SC-1 kernel: [   20.408835] sd 5:0:0:0: Attached scsi generic sg0 type 0
Feb  1 23:38:36 SC-1 kernel: [   20.414793] sd 4:0:0:0: Attached scsi generic sg1 type 0
Feb  1 23:38:36 SC-1 kernel: [   20.421293] Request for unknown module key 'home:qparbhu OBS Project: 164dc6bdad87ba3b3d4e72bc702a14a6cfba2a47' err -11
Feb  1 23:38:36 SC-1 kernel: [   20.432127] tipc: module verification failed: signature and/or required key missing - tainting kernel
Feb  1 23:38:36 SC-1 kernel: [   20.441750] tipc: Activated (version 2.0.0)
Feb  1 23:38:36 SC-1 kernel: [   20.447019] NET: Registered protocol family 30
Feb  1 23:38:36 SC-1 kernel: [   20.452866] tipc: Started in single node mode
Feb  1 23:38:36 SC-1 kernel: [   20.539901] Unsafe core_pattern used with suid_dumpable=2. Pipe handler or fully qualified core dump path required.
Feb  1 23:38:36 SC-1 kernel: [   20.727734] bio: create slab <bio-1> at 1
Feb  1 23:38:36 SC-1 kernel: [   20.838672] type=1305 audit(1454366308.463:2): audit_pid=625 old=0 auid=4294967295 ses=4294967295
Feb  1 23:38:36 SC-1 kernel: [   20.838672]  res=1
Feb  1 23:38:36 SC-1 kernel: [   21.374261] EXT4-fs (sdb1): mounting ext3 file system using the ext4 subsystem
Feb  1 23:38:36 SC-1 kernel: [   21.375392] EXT4-fs (sdb1): mounted filesystem with ordered data mode. Opts: (null)
Feb  1 23:38:36 SC-1 kernel: [   21.481106] Adding 4194300k swap on /dev/sdb2.  Priority:-1 extents:1 across:4194300k SSFS
Feb  1 23:38:36 SC-1 kernel: [   21.486638] EXT4-fs (sdb1): mounting ext3 file system using the ext4 subsystem
Feb  1 23:38:36 SC-1 kernel: [   21.489960] EXT4-fs (sdb1): mounted filesystem with ordered data mode. Opts: (null)
Feb  1 23:38:36 SC-1 kernel: [   21.548827] EXT4-fs: Warning: mounting with data=journal disables delayed allocation and O_DIRECT support!
Feb  1 23:38:36 SC-1 kernel: [   21.548831] EXT4-fs (sdb3): mounting ext3 file system using the ext4 subsystem
Feb  1 23:38:36 SC-1 kernel: [   21.550041] EXT4-fs (sdb3): mounted filesystem with journalled data mode. Opts: data=journal
Feb  1 23:38:36 SC-1 kernel: [   21.572440] EXT4-fs (sdb1): re-mounted. Opts: data=ordered
Feb  1 23:38:36 SC-1 kernel: [   21.582654] EXT4-fs (sdb1): re-mounted. Opts: data=ordered
Feb  1 23:38:36 SC-1 kernel: [   22.285801] softdog: Software Watchdog Timer: 0.08 initialized. soft_noboot=0 soft_margin=60 sec soft_panic=0 (nowayout=0)
Feb  1 23:38:36 SC-1 kernel: [   22.713059] 8021q: 802.1Q VLAN Support v1.8
Feb  1 23:38:36 SC-1 kernel: [   23.102299] IPv6: ADDRCONF(NETDEV_UP): eth3: link is not ready
Feb  1 23:38:36 SC-1 kernel: [   23.102302] 8021q: adding VLAN 0 to HW filter on device eth3
Feb  1 23:38:36 SC-1 kernel: [   23.494585] IPv6: ADDRCONF(NETDEV_UP): eth4: link is not ready
Feb  1 23:38:36 SC-1 kernel: [   23.494588] 8021q: adding VLAN 0 to HW filter on device eth4
Feb  1 23:38:36 SC-1 kernel: [   23.583156] ixgbe 0000:01:00.0: registered PHC device on eth5
Feb  1 23:38:36 SC-1 kernel: [   23.583912] IPv6: ADDRCONF(NETDEV_UP): eth5: link is not ready
Feb  1 23:38:36 SC-1 kernel: [   23.583915] 8021q: adding VLAN 0 to HW filter on device eth5
Feb  1 23:38:36 SC-1 kernel: [   23.584755] ixgbe 0000:01:00.0 eth5: NIC Link is Up 10 Gbps, Flow Control: RX/TX
Feb  1 23:38:36 SC-1 kernel: [   23.585225] IPv6: ADDRCONF(NETDEV_CHANGE): eth5: link becomes ready
Feb  1 23:38:36 SC-1 kernel: [   23.672821] ixgbe 0000:01:00.1: registered PHC device on eth6
Feb  1 23:38:36 SC-1 kernel: [   23.673524] IPv6: ADDRCONF(NETDEV_UP): eth6: link is not ready
Feb  1 23:38:36 SC-1 kernel: [   23.673526] 8021q: adding VLAN 0 to HW filter on device eth6
Feb  1 23:38:36 SC-1 kernel: [   23.676820] ixgbe 0000:01:00.1 eth6: NIC Link is Up 10 Gbps, Flow Control: RX/TX
Feb  1 23:38:36 SC-1 kernel: [   23.676915] IPv6: ADDRCONF(NETDEV_CHANGE): eth6: link becomes ready
Feb  1 23:38:36 SC-1 kernel: [   23.681894] bonding: Ethernet Channel Bonding Driver: v3.7.1 (April 27, 2011)
Feb  1 23:38:36 SC-1 kernel: [   23.686711] ixgbe 0000:01:00.0: removed PHC on eth5
Feb  1 23:38:36 SC-1 kernel: [   23.799133] ixgbe 0000:01:00.1: removed PHC on eth6
Feb  1 23:38:36 SC-1 kernel: [   23.921431] bonding: bond0: adding ARP target 169.254.100.254.
Feb  1 23:38:36 SC-1 kernel: [   23.922169] bonding: bond0: adding ARP target 169.254.100.253.
Feb  1 23:38:36 SC-1 kernel: [   23.922223] bonding: bond0: setting arp_validate to all (3).
Feb  1 23:38:36 SC-1 kernel: [   23.922260] bonding: bond0: Setting ARP monitoring interval to 100.
Feb  1 23:38:36 SC-1 kernel: [   23.924453] bonding: bond0: Adding slave eth5.
Feb  1 23:38:36 SC-1 kernel: [   24.012126] ixgbe 0000:01:00.0: registered PHC device on eth5
Feb  1 23:38:36 SC-1 kernel: [   24.012688] IPv6: ADDRCONF(NETDEV_UP): eth5: link is not ready
Feb  1 23:38:36 SC-1 kernel: [   24.012691] 8021q: adding VLAN 0 to HW filter on device eth5
Feb  1 23:38:36 SC-1 kernel: [   24.014777] bonding: bond0: enslaving eth5 as a backup interface with a down link.
Feb  1 23:38:36 SC-1 kernel: [   24.014805] ixgbe 0000:01:00.0 eth5: NIC Link is Up 10 Gbps, Flow Control: RX/TX
Feb  1 23:38:36 SC-1 kernel: [   24.015025] bonding: bond0: Adding slave eth6.
Feb  1 23:38:36 SC-1 kernel: [   24.102550] ixgbe 0000:01:00.1: registered PHC device on eth6
Feb  1 23:38:36 SC-1 kernel: [   24.103096] IPv6: ADDRCONF(NETDEV_UP): eth6: link is not ready
Feb  1 23:38:36 SC-1 kernel: [   24.103099] 8021q: adding VLAN 0 to HW filter on device eth6
Feb  1 23:38:36 SC-1 kernel: [   24.105532] bonding: bond0: enslaving eth6 as a backup interface with a down link.
Feb  1 23:38:36 SC-1 kernel: [   24.105711] ixgbe 0000:01:00.1 eth6: NIC Link is Up 10 Gbps, Flow Control: RX/TX
Feb  1 23:38:36 SC-1 kernel: [   24.110974] IPv6: ADDRCONF(NETDEV_UP): bond0: link is not ready
Feb  1 23:38:36 SC-1 kernel: [   24.110979] 8021q: adding VLAN 0 to HW filter on device bond0
Feb  1 23:38:36 SC-1 kernel: [   24.113146] bonding: bond0: link status definitely up for interface eth6.
Feb  1 23:38:36 SC-1 kernel: [   24.113151] bonding: bond0: making interface eth6 the new active one.
Feb  1 23:38:36 SC-1 kernel: [   24.113722] bonding: bond0: first active interface up!
Feb  1 23:38:36 SC-1 kernel: [   24.113731] IPv6: ADDRCONF(NETDEV_CHANGE): bond0: link becomes ready
Feb  1 23:38:36 SC-1 kernel: [   24.127860] IPv6: ADDRCONF(NETDEV_UP): eth3.4048: link is not ready
Feb  1 23:38:36 SC-1 kernel: [   24.134988] IPv6: ADDRCONF(NETDEV_UP): eth4.4049: link is not ready
Feb  1 23:38:36 SC-1 kernel: [   24.145985] IPv6: ADDRCONF(NETDEV_UP): eth3.108: link is not ready
Feb  1 23:38:36 SC-1 kernel: [   24.413426] bonding: bond0: link status definitely up for interface eth5.
Feb  1 23:38:36 SC-1 kernel: [   25.882977] igb: eth3 NIC Link is Up 1000 Mbps Full Duplex, Flow Control: RX/TX
Feb  1 23:38:36 SC-1 kernel: [   25.883170] IPv6: ADDRCONF(NETDEV_CHANGE): eth3: link becomes ready
Feb  1 23:38:36 SC-1 kernel: [   25.883421] IPv6: ADDRCONF(NETDEV_CHANGE): eth3.108: link becomes ready
Feb  1 23:38:36 SC-1 kernel: [   25.883551] IPv6: ADDRCONF(NETDEV_CHANGE): eth3.4048: link becomes ready
Feb  1 23:38:36 SC-1 kernel: [   26.259267] igb: eth4 NIC Link is Up 1000 Mbps Full Duplex, Flow Control: RX/TX
Feb  1 23:38:36 SC-1 kernel: [   26.259455] IPv6: ADDRCONF(NETDEV_CHANGE): eth4: link becomes ready
Feb  1 23:38:36 SC-1 kernel: [   26.259696] IPv6: ADDRCONF(NETDEV_CHANGE): eth4.4049: link becomes ready
Feb  1 23:38:36 SC-1 kernel: [   29.185675] bonding: bond0: Setting eth5 as primary slave.
Feb  1 23:38:36 SC-1 kernel: [   29.185679] bonding: bond0: making interface eth5 the new active one.
Feb  1 23:38:36 SC-1 kernel: [   29.372092] NET: Registered protocol family 17
Feb  1 23:38:36 SC-1 kernel: [   29.374440] Started in network mode
Feb  1 23:38:36 SC-1 kernel: [   29.374444] Own node address <1.1.1>, network identity 4711
Feb  1 23:38:37 SC-1 kernel: [   29.380605] Enabled bearer <eth:eth6.101>, discovery domain <1.1.0>, priority 10
Feb  1 23:38:37 SC-1 kernel: [   29.380631] Enabled bearer <eth:eth5.100>, discovery domain <1.1.0>, priority 10
Feb  1 23:38:40 SC-1 kernel: [   30.723787] events: mcg drbd: 3
Feb  1 23:38:40 SC-1 kernel: [   30.725843] drbd: initialized. Version: 8.4.4 (api:1/proto:86-101)
Feb  1 23:38:40 SC-1 kernel: [   30.725845] drbd: GIT-hash: 3c1f46cb19993f98b22fdf7e18958c21ad75176d build by SuSE Build Service
Feb  1 23:38:40 SC-1 kernel: [   30.725845] drbd: registered as block device major 147
Feb  1 23:38:40 SC-1 kernel: [   30.738708] drbd drbd0: Starting worker thread (from drbdsetup [3142])
Feb  1 23:38:40 SC-1 kernel: [   30.741662] block drbd0: disk( Diskless -> Attaching ) 
Feb  1 23:38:40 SC-1 kernel: [   30.741751] drbd drbd0: Method to ensure write ordering: flush
Feb  1 23:38:40 SC-1 kernel: [   30.741754] block drbd0: max BIO size = 1048576
Feb  1 23:38:40 SC-1 kernel: [   30.741757] block drbd0: drbd_bm_resize called with capacity == 743407616
Feb  1 23:38:40 SC-1 kernel: [   30.743249] block drbd0: resync bitmap: bits=92925952 words=1451968 pages=2836
Feb  1 23:38:40 SC-1 kernel: [   30.743252] block drbd0: size = 354 GB (371703808 KB)
Feb  1 23:38:40 SC-1 kernel: [   30.767233] block drbd0: bitmap READ of 2836 pages took 6 jiffies
Feb  1 23:38:40 SC-1 kernel: [   30.769176] block drbd0: recounting of set bits took additional 0 jiffies
Feb  1 23:38:40 SC-1 kernel: [   30.769179] block drbd0: 628 KB (157 bits) marked out-of-sync by on disk bit-map.
Feb  1 23:38:40 SC-1 kernel: [   30.769184] block drbd0: disk( Attaching -> UpToDate ) 
Feb  1 23:38:40 SC-1 kernel: [   30.769186] block drbd0: attached to UUIDs 9CD52F6110784B43:06CD58063BAD19C3:AF1EFD5B1A768EA1:AF1DFD5B1A768EA1
Feb  1 23:38:40 SC-1 kernel: [   30.770038] drbd drbd0: conn( StandAlone -> Unconnected ) 
Feb  1 23:38:40 SC-1 kernel: [   30.770054] drbd drbd0: Starting receiver thread (from drbd_w_drbd0 [3143])
Feb  1 23:38:40 SC-1 kernel: [   30.770088] drbd drbd0: receiver (re)started
Feb  1 23:38:40 SC-1 kernel: [   30.770100] drbd drbd0: conn( Unconnected -> WFConnection ) 
Feb  1 23:38:40 SC-1 kernel: [   31.269860] drbd drbd0: Handshake successful: Agreed network protocol version 101
Feb  1 23:38:40 SC-1 kernel: [   31.269866] drbd drbd0: Agreed to support TRIM on protocol level
Feb  1 23:38:40 SC-1 kernel: [   31.269925] drbd drbd0: conn( WFConnection -> WFReportParams ) 
Feb  1 23:38:40 SC-1 kernel: [   31.269929] drbd drbd0: Starting asender thread (from drbd_r_drbd0 [3156])
Feb  1 23:38:40 SC-1 kernel: [   31.298818] block drbd0: drbd_sync_handshake:
Feb  1 23:38:40 SC-1 kernel: [   31.298826] block drbd0: self 9CD52F6110784B42:06CD58063BAD19C3:AF1EFD5B1A768EA1:AF1DFD5B1A768EA1 bits:157 flags:0
